
> wunero@0.1.11 test
> jest

node.exe : (node:14960) [DEP0040] DeprecationWarning: The `punycode` module is 
deprecated. Please use a userland alternative instead.
In C:\Program Files\nodejs\npm.ps1:29 Zeichen:3
+   & $NODE_EXE $NPM_CLI_JS $args
+   ~~~~~~~~~~~~~~~~~~~~~~~~~~~~~
    + CategoryInfo          : NotSpecified: ((node:14960) [D...native instead. 
   :String) [], RemoteException
    + FullyQualifiedErrorId : NativeCommandError
 
(Use `node --trace-deprecation ...` to show where the warning was created)
(node:13952) [DEP0040] DeprecationWarning: The `punycode` module is 
deprecated. Please use a userland alternative instead.
(Use `node --trace-deprecation ...` to show where the warning was created)
FAIL 
src/components/atoms/WuLanguageSwitcher/__tests__/WuLanguageSwitcher.test.tsx
  ÔùÅ WuLanguageSwitcher i18n ÔÇ║ renders language buttons

    TypeError: Cannot read properties of undefined (reading 'locales')

    [0m [90m 22 |[39m   [36mreturn[39m (
     [90m 23 |[39m     [33m<[39m[33mdiv[39m 
className[33m=[39m{styles[33m.[39mswitcher}[33m>[39m
    [31m[1m>[22m[39m[90m 24 |[39m       
{routing[33m.[39mlocales[33m.[39mmap((loc) [33m=>[39m (
     [90m    |[39m                [31m[1m^[22m[39m
     [90m 25 |[39m         [33m<[39m[33mbutton[39m
     [90m 26 |[39m           key[33m=[39m{loc}
     [90m 27 |[39m           onClick[33m=[39m{() [33m=>[39m 
handleLocaleChange(loc)}[0m

      at locales 
(src/components/atoms/WuLanguageSwitcher/WuLanguageSwitcher.tsx:24:16)
      at Object.react_stack_bottom_frame 
(node_modules/react-dom/cjs/react-dom-client.development.js:25904:20)
      at renderWithHooks 
(node_modules/react-dom/cjs/react-dom-client.development.js:7662:22)
      at updateFunctionComponent 
(node_modules/react-dom/cjs/react-dom-client.development.js:10166:19)
      at beginWork 
(node_modules/react-dom/cjs/react-dom-client.development.js:11778:18)
      at runWithFiberInDEV 
(node_modules/react-dom/cjs/react-dom-client.development.js:874:13)
      at performUnitOfWork 
(node_modules/react-dom/cjs/react-dom-client.development.js:17641:22)
      at workLoopSync 
(node_modules/react-dom/cjs/react-dom-client.development.js:17469:41)
      at renderRootSync 
(node_modules/react-dom/cjs/react-dom-client.development.js:17450:11)
      at performWorkOnRoot 
(node_modules/react-dom/cjs/react-dom-client.development.js:16583:35)
      at performWorkOnRootViaSchedulerTask 
(node_modules/react-dom/cjs/react-dom-client.development.js:18957:7)
      at flushActQueue (node_modules/react/cjs/react.development.js:590:34)
      at Object.<anonymous>.process.env.NODE_ENV.exports.act 
(node_modules/react/cjs/react.development.js:884:10)
      at node_modules/@testing-library/react/dist/act-compat.js:47:25
      at renderRoot (node_modules/@testing-library/react/dist/pure.js:180:26)
      at render (node_modules/@testing-library/react/dist/pure.js:271:10)
      at Object.<anonymous> (src/components/atoms/WuLanguageSwitcher/__tests__/
WuLanguageSwitcher.test.tsx:25:11)

  ÔùÅ WuLanguageSwitcher i18n ÔÇ║ switches to English on click

    TypeError: Cannot read properties of undefined (reading 'locales')

    [0m [90m 22 |[39m   [36mreturn[39m (
     [90m 23 |[39m     [33m<[39m[33mdiv[39m 
className[33m=[39m{styles[33m.[39mswitcher}[33m>[39m
    [31m[1m>[22m[39m[90m 24 |[39m       
{routing[33m.[39mlocales[33m.[39mmap((loc) [33m=>[39m (
     [90m    |[39m                [31m[1m^[22m[39m
     [90m 25 |[39m         [33m<[39m[33mbutton[39m
     [90m 26 |[39m           key[33m=[39m{loc}
     [90m 27 |[39m           onClick[33m=[39m{() [33m=>[39m 
handleLocaleChange(loc)}[0m

      at locales 
(src/components/atoms/WuLanguageSwitcher/WuLanguageSwitcher.tsx:24:16)
      at Object.react_stack_bottom_frame 
(node_modules/react-dom/cjs/react-dom-client.development.js:25904:20)
      at renderWithHooks 
(node_modules/react-dom/cjs/react-dom-client.development.js:7662:22)
      at updateFunctionComponent 
(node_modules/react-dom/cjs/react-dom-client.development.js:10166:19)
      at beginWork 
(node_modules/react-dom/cjs/react-dom-client.development.js:11778:18)
      at runWithFiberInDEV 
(node_modules/react-dom/cjs/react-dom-client.development.js:874:13)
      at performUnitOfWork 
(node_modules/react-dom/cjs/react-dom-client.development.js:17641:22)
      at workLoopSync 
(node_modules/react-dom/cjs/react-dom-client.development.js:17469:41)
      at renderRootSync 
(node_modules/react-dom/cjs/react-dom-client.development.js:17450:11)
      at performWorkOnRoot 
(node_modules/react-dom/cjs/react-dom-client.development.js:16583:35)
      at performWorkOnRootViaSchedulerTask 
(node_modules/react-dom/cjs/react-dom-client.development.js:18957:7)
      at flushActQueue (node_modules/react/cjs/react.development.js:590:34)
      at Object.<anonymous>.process.env.NODE_ENV.exports.act 
(node_modules/react/cjs/react.development.js:884:10)
      at node_modules/@testing-library/react/dist/act-compat.js:47:25
      at renderRoot (node_modules/@testing-library/react/dist/pure.js:180:26)
      at render (node_modules/@testing-library/react/dist/pure.js:271:10)
      at Object.<anonymous> (src/components/atoms/WuLanguageSwitcher/__tests__/
WuLanguageSwitcher.test.tsx:32:11)

  ÔùÅ WuLanguageSwitcher i18n ÔÇ║ switches to German on click

    TypeError: Cannot read properties of undefined (reading 'locales')

    [0m [90m 22 |[39m   [36mreturn[39m (
     [90m 23 |[39m     [33m<[39m[33mdiv[39m 
className[33m=[39m{styles[33m.[39mswitcher}[33m>[39m
    [31m[1m>[22m[39m[90m 24 |[39m       
{routing[33m.[39mlocales[33m.[39mmap((loc) [33m=>[39m (
     [90m    |[39m                [31m[1m^[22m[39m
     [90m 25 |[39m         [33m<[39m[33mbutton[39m
     [90m 26 |[39m           key[33m=[39m{loc}
     [90m 27 |[39m           onClick[33m=[39m{() [33m=>[39m 
handleLocaleChange(loc)}[0m

      at locales 
(src/components/atoms/WuLanguageSwitcher/WuLanguageSwitcher.tsx:24:16)
      at Object.react_stack_bottom_frame 
(node_modules/react-dom/cjs/react-dom-client.development.js:25904:20)
      at renderWithHooks 
(node_modules/react-dom/cjs/react-dom-client.development.js:7662:22)
      at updateFunctionComponent 
(node_modules/react-dom/cjs/react-dom-client.development.js:10166:19)
      at beginWork 
(node_modules/react-dom/cjs/react-dom-client.development.js:11778:18)
      at runWithFiberInDEV 
(node_modules/react-dom/cjs/react-dom-client.development.js:874:13)
      at performUnitOfWork 
(node_modules/react-dom/cjs/react-dom-client.development.js:17641:22)
      at workLoopSync 
(node_modules/react-dom/cjs/react-dom-client.development.js:17469:41)
      at renderRootSync 
(node_modules/react-dom/cjs/react-dom-client.development.js:17450:11)
      at performWorkOnRoot 
(node_modules/react-dom/cjs/react-dom-client.development.js:16583:35)
      at performWorkOnRootViaSchedulerTask 
(node_modules/react-dom/cjs/react-dom-client.development.js:18957:7)
      at flushActQueue (node_modules/react/cjs/react.development.js:590:34)
      at Object.<anonymous>.process.env.NODE_ENV.exports.act 
(node_modules/react/cjs/react.development.js:884:10)
      at node_modules/@testing-library/react/dist/act-compat.js:47:25
      at renderRoot (node_modules/@testing-library/react/dist/pure.js:180:26)
      at render (node_modules/@testing-library/react/dist/pure.js:271:10)
      at Object.<anonymous> (src/components/atoms/WuLanguageSwitcher/__tests__/
WuLanguageSwitcher.test.tsx:42:11)

  ÔùÅ WuLanguageSwitcher i18n ÔÇ║ preserves current pathname when switching 
language

    TypeError: Cannot read properties of undefined (reading 'locales')

    [0m [90m 22 |[39m   [36mreturn[39m (
     [90m 23 |[39m     [33m<[39m[33mdiv[39m 
className[33m=[39m{styles[33m.[39mswitcher}[33m>[39m
    [31m[1m>[22m[39m[90m 24 |[39m       
{routing[33m.[39mlocales[33m.[39mmap((loc) [33m=>[39m (
     [90m    |[39m                [31m[1m^[22m[39m
     [90m 25 |[39m         [33m<[39m[33mbutton[39m
     [90m 26 |[39m           key[33m=[39m{loc}
     [90m 27 |[39m           onClick[33m=[39m{() [33m=>[39m 
handleLocaleChange(loc)}[0m

      at locales 
(src/components/atoms/WuLanguageSwitcher/WuLanguageSwitcher.tsx:24:16)
      at Object.react_stack_bottom_frame 
(node_modules/react-dom/cjs/react-dom-client.development.js:25904:20)
      at renderWithHooks 
(node_modules/react-dom/cjs/react-dom-client.development.js:7662:22)
      at updateFunctionComponent 
(node_modules/react-dom/cjs/react-dom-client.development.js:10166:19)
      at beginWork 
(node_modules/react-dom/cjs/react-dom-client.development.js:11778:18)
      at runWithFiberInDEV 
(node_modules/react-dom/cjs/react-dom-client.development.js:874:13)
      at performUnitOfWork 
(node_modules/react-dom/cjs/react-dom-client.development.js:17641:22)
      at workLoopSync 
(node_modules/react-dom/cjs/react-dom-client.development.js:17469:41)
      at renderRootSync 
(node_modules/react-dom/cjs/react-dom-client.development.js:17450:11)
      at performWorkOnRoot 
(node_modules/react-dom/cjs/react-dom-client.development.js:16583:35)
      at performWorkOnRootViaSchedulerTask 
(node_modules/react-dom/cjs/react-dom-client.development.js:18957:7)
      at flushActQueue (node_modules/react/cjs/react.development.js:590:34)
      at Object.<anonymous>.process.env.NODE_ENV.exports.act 
(node_modules/react/cjs/react.development.js:884:10)
      at node_modules/@testing-library/react/dist/act-compat.js:47:25
      at renderRoot (node_modules/@testing-library/react/dist/pure.js:180:26)
      at render (node_modules/@testing-library/react/dist/pure.js:271:10)
      at Object.<anonymous> (src/components/atoms/WuLanguageSwitcher/__tests__/
WuLanguageSwitcher.test.tsx:51:11)

  ÔùÅ WuLanguageSwitcher i18n ÔÇ║ handles URLs with parameters

    TypeError: Cannot read properties of undefined (reading 'locales')

    [0m [90m 22 |[39m   [36mreturn[39m (
     [90m 23 |[39m     [33m<[39m[33mdiv[39m 
className[33m=[39m{styles[33m.[39mswitcher}[33m>[39m
    [31m[1m>[22m[39m[90m 24 |[39m       
{routing[33m.[39mlocales[33m.[39mmap((loc) [33m=>[39m (
     [90m    |[39m                [31m[1m^[22m[39m
     [90m 25 |[39m         [33m<[39m[33mbutton[39m
     [90m 26 |[39m           key[33m=[39m{loc}
     [90m 27 |[39m           onClick[33m=[39m{() [33m=>[39m 
handleLocaleChange(loc)}[0m

      at locales 
(src/components/atoms/WuLanguageSwitcher/WuLanguageSwitcher.tsx:24:16)
      at Object.react_stack_bottom_frame 
(node_modules/react-dom/cjs/react-dom-client.development.js:25904:20)
      at renderWithHooks 
(node_modules/react-dom/cjs/react-dom-client.development.js:7662:22)
      at updateFunctionComponent 
(node_modules/react-dom/cjs/react-dom-client.development.js:10166:19)
      at beginWork 
(node_modules/react-dom/cjs/react-dom-client.development.js:11778:18)
      at runWithFiberInDEV 
(node_modules/react-dom/cjs/react-dom-client.development.js:874:13)
      at performUnitOfWork 
(node_modules/react-dom/cjs/react-dom-client.development.js:17641:22)
      at workLoopSync 
(node_modules/react-dom/cjs/react-dom-client.development.js:17469:41)
      at renderRootSync 
(node_modules/react-dom/cjs/react-dom-client.development.js:17450:11)
      at performWorkOnRoot 
(node_modules/react-dom/cjs/react-dom-client.development.js:16583:35)
      at performWorkOnRootViaSchedulerTask 
(node_modules/react-dom/cjs/react-dom-client.development.js:18957:7)
      at flushActQueue (node_modules/react/cjs/react.development.js:590:34)
      at Object.<anonymous>.process.env.NODE_ENV.exports.act 
(node_modules/react/cjs/react.development.js:884:10)
      at node_modules/@testing-library/react/dist/act-compat.js:47:25
      at renderRoot (node_modules/@testing-library/react/dist/pure.js:180:26)
      at render (node_modules/@testing-library/react/dist/pure.js:271:10)
      at Object.<anonymous> (src/components/atoms/WuLanguageSwitcher/__tests__/
WuLanguageSwitcher.test.tsx:61:11)

(node:21336) [DEP0040] DeprecationWarning: The `punycode` module is 
deprecated. Please use a userland alternative instead.
(Use `node --trace-deprecation ...` to show where the warning was created)
FAIL src/components/molecules/WuInputGroup/__tests__/WuInputGroup.test.tsx
  ÔùÅ WuInputGroup ÔÇ║ renders input with icon prefix

    TypeError: Cannot read properties of undefined (reading 'className')

    [0m [90m 15 |[39m   [36mreturn[39m (
     [90m 16 |[39m     [33m<[39m[33mdiv[39m 
className[33m=[39m{containerClass}[33m>[39m
    [31m[1m>[22m[39m[90m 17 |[39m       [33m<[39m[33mWuInput[39m 
{[33m...[39minputProps} 
className[33m=[39m{[styles[33m.[39minput[33m,[39m inputProps[33m.[39mcl
assName][33m.[39mfilter([33mBoolean[39m)[33m.[39mjoin([32m" "[39m)} 
[33m/[39m[33m>[39m
     [90m    |[39m                                                           
          [31m[1m^[22m[39m
     [90m 18 |[39m       [33m<[39m[33mWuButton[39m 
{[33m...[39mbuttonProps} 
className[33m=[39m{[styles[33m.[39mbutton[33m,[39m buttonProps[33m.[39m
className][33m.[39mfilter([33mBoolean[39m)[33m.[39mjoin([32m" "[39m)} 
[33m/[39m[33m>[39m
     [90m 19 |[39m     [33m<[39m[33m/[39m[33mdiv[39m[33m>[39m
     [90m 20 |[39m   )[33m;[39m[0m

      at className 
(src/components/molecules/WuInputGroup/WuInputGroup.tsx:17:69)
      at Object.react_stack_bottom_frame 
(node_modules/react-dom/cjs/react-dom-client.development.js:25904:20)
      at renderWithHooks 
(node_modules/react-dom/cjs/react-dom-client.development.js:7662:22)
      at updateFunctionComponent 
(node_modules/react-dom/cjs/react-dom-client.development.js:10166:19)
      at beginWork 
(node_modules/react-dom/cjs/react-dom-client.development.js:11778:18)
      at runWithFiberInDEV 
(node_modules/react-dom/cjs/react-dom-client.development.js:874:13)
      at performUnitOfWork 
(node_modules/react-dom/cjs/react-dom-client.development.js:17641:22)
      at workLoopSync 
(node_modules/react-dom/cjs/react-dom-client.development.js:17469:41)
      at renderRootSync 
(node_modules/react-dom/cjs/react-dom-client.development.js:17450:11)
      at performWorkOnRoot 
(node_modules/react-dom/cjs/react-dom-client.development.js:16583:35)
      at performWorkOnRootViaSchedulerTask 
(node_modules/react-dom/cjs/react-dom-client.development.js:18957:7)
      at flushActQueue (node_modules/react/cjs/react.development.js:590:34)
      at Object.<anonymous>.process.env.NODE_ENV.exports.act 
(node_modules/react/cjs/react.development.js:884:10)
      at node_modules/@testing-library/react/dist/act-compat.js:47:25
      at renderRoot (node_modules/@testing-library/react/dist/pure.js:180:26)
      at render (node_modules/@testing-library/react/dist/pure.js:271:10)
      at Object.<anonymous> 
(src/components/molecules/WuInputGroup/__tests__/WuInputGroup.test.tsx:8:11)

  ÔùÅ WuInputGroup ÔÇ║ renders input with icon suffix

    TypeError: Cannot read properties of undefined (reading 'className')

    [0m [90m 15 |[39m   [36mreturn[39m (
     [90m 16 |[39m     [33m<[39m[33mdiv[39m 
className[33m=[39m{containerClass}[33m>[39m
    [31m[1m>[22m[39m[90m 17 |[39m       [33m<[39m[33mWuInput[39m 
{[33m...[39minputProps} 
className[33m=[39m{[styles[33m.[39minput[33m,[39m inputProps[33m.[39mcl
assName][33m.[39mfilter([33mBoolean[39m)[33m.[39mjoin([32m" "[39m)} 
[33m/[39m[33m>[39m
     [90m    |[39m                                                           
          [31m[1m^[22m[39m
     [90m 18 |[39m       [33m<[39m[33mWuButton[39m 
{[33m...[39mbuttonProps} 
className[33m=[39m{[styles[33m.[39mbutton[33m,[39m buttonProps[33m.[39m
className][33m.[39mfilter([33mBoolean[39m)[33m.[39mjoin([32m" "[39m)} 
[33m/[39m[33m>[39m
     [90m 19 |[39m     [33m<[39m[33m/[39m[33mdiv[39m[33m>[39m
     [90m 20 |[39m   )[33m;[39m[0m

      at className 
(src/components/molecules/WuInputGroup/WuInputGroup.tsx:17:69)
      at Object.react_stack_bottom_frame 
(node_modules/react-dom/cjs/react-dom-client.development.js:25904:20)
      at renderWithHooks 
(node_modules/react-dom/cjs/react-dom-client.development.js:7662:22)
      at updateFunctionComponent 
(node_modules/react-dom/cjs/react-dom-client.development.js:10166:19)
      at beginWork 
(node_modules/react-dom/cjs/react-dom-client.development.js:11778:18)
      at runWithFiberInDEV 
(node_modules/react-dom/cjs/react-dom-client.development.js:874:13)
      at performUnitOfWork 
(node_modules/react-dom/cjs/react-dom-client.development.js:17641:22)
      at workLoopSync 
(node_modules/react-dom/cjs/react-dom-client.development.js:17469:41)
      at renderRootSync 
(node_modules/react-dom/cjs/react-dom-client.development.js:17450:11)
      at performWorkOnRoot 
(node_modules/react-dom/cjs/react-dom-client.development.js:16583:35)
      at performWorkOnRootViaSchedulerTask 
(node_modules/react-dom/cjs/react-dom-client.development.js:18957:7)
      at flushActQueue (node_modules/react/cjs/react.development.js:590:34)
      at Object.<anonymous>.process.env.NODE_ENV.exports.act 
(node_modules/react/cjs/react.development.js:884:10)
      at node_modules/@testing-library/react/dist/act-compat.js:47:25
      at renderRoot (node_modules/@testing-library/react/dist/pure.js:180:26)
      at render (node_modules/@testing-library/react/dist/pure.js:271:10)
      at Object.<anonymous> 
(src/components/molecules/WuInputGroup/__tests__/WuInputGroup.test.tsx:20:11)

  ÔùÅ WuInputGroup ÔÇ║ renders input with both prefix and suffix

    TypeError: Cannot read properties of undefined (reading 'className')

    [0m [90m 15 |[39m   [36mreturn[39m (
     [90m 16 |[39m     [33m<[39m[33mdiv[39m 
className[33m=[39m{containerClass}[33m>[39m
    [31m[1m>[22m[39m[90m 17 |[39m       [33m<[39m[33mWuInput[39m 
{[33m...[39minputProps} 
className[33m=[39m{[styles[33m.[39minput[33m,[39m inputProps[33m.[39mcl
assName][33m.[39mfilter([33mBoolean[39m)[33m.[39mjoin([32m" "[39m)} 
[33m/[39m[33m>[39m
     [90m    |[39m                                                           
          [31m[1m^[22m[39m
     [90m 18 |[39m       [33m<[39m[33mWuButton[39m 
{[33m...[39mbuttonProps} 
className[33m=[39m{[styles[33m.[39mbutton[33m,[39m buttonProps[33m.[39m
className][33m.[39mfilter([33mBoolean[39m)[33m.[39mjoin([32m" "[39m)} 
[33m/[39m[33m>[39m
     [90m 19 |[39m     [33m<[39m[33m/[39m[33mdiv[39m[33m>[39m
     [90m 20 |[39m   )[33m;[39m[0m

      at className 
(src/components/molecules/WuInputGroup/WuInputGroup.tsx:17:69)
      at Object.react_stack_bottom_frame 
(node_modules/react-dom/cjs/react-dom-client.development.js:25904:20)
      at renderWithHooks 
(node_modules/react-dom/cjs/react-dom-client.development.js:7662:22)
      at updateFunctionComponent 
(node_modules/react-dom/cjs/react-dom-client.development.js:10166:19)
      at beginWork 
(node_modules/react-dom/cjs/react-dom-client.development.js:11778:18)
      at runWithFiberInDEV 
(node_modules/react-dom/cjs/react-dom-client.development.js:874:13)
      at performUnitOfWork 
(node_modules/react-dom/cjs/react-dom-client.development.js:17641:22)
      at workLoopSync 
(node_modules/react-dom/cjs/react-dom-client.development.js:17469:41)
      at renderRootSync 
(node_modules/react-dom/cjs/react-dom-client.development.js:17450:11)
      at performWorkOnRoot 
(node_modules/react-dom/cjs/react-dom-client.development.js:16583:35)
      at performWorkOnRootViaSchedulerTask 
(node_modules/react-dom/cjs/react-dom-client.development.js:18957:7)
      at flushActQueue (node_modules/react/cjs/react.development.js:590:34)
      at Object.<anonymous>.process.env.NODE_ENV.exports.act 
(node_modules/react/cjs/react.development.js:884:10)
      at node_modules/@testing-library/react/dist/act-compat.js:47:25
      at renderRoot (node_modules/@testing-library/react/dist/pure.js:180:26)
      at render (node_modules/@testing-library/react/dist/pure.js:271:10)
      at Object.<anonymous> 
(src/components/molecules/WuInputGroup/__tests__/WuInputGroup.test.tsx:31:11)

  ÔùÅ WuInputGroup ÔÇ║ handles input changes

    TypeError: Cannot read properties of undefined (reading 'className')

    [0m [90m 15 |[39m   [36mreturn[39m (
     [90m 16 |[39m     [33m<[39m[33mdiv[39m 
className[33m=[39m{containerClass}[33m>[39m
    [31m[1m>[22m[39m[90m 17 |[39m       [33m<[39m[33mWuInput[39m 
{[33m...[39minputProps} 
className[33m=[39m{[styles[33m.[39minput[33m,[39m inputProps[33m.[39mcl
assName][33m.[39mfilter([33mBoolean[39m)[33m.[39mjoin([32m" "[39m)} 
[33m/[39m[33m>[39m
     [90m    |[39m                                                           
          [31m[1m^[22m[39m
     [90m 18 |[39m       [33m<[39m[33mWuButton[39m 
{[33m...[39mbuttonProps} 
className[33m=[39m{[styles[33m.[39mbutton[33m,[39m buttonProps[33m.[39m
className][33m.[39mfilter([33mBoolean[39m)[33m.[39mjoin([32m" "[39m)} 
[33m/[39m[33m>[39m
     [90m 19 |[39m     [33m<[39m[33m/[39m[33mdiv[39m[33m>[39m
     [90m 20 |[39m   )[33m;[39m[0m

      at className 
(src/components/molecules/WuInputGroup/WuInputGroup.tsx:17:69)
      at Object.react_stack_bottom_frame 
(node_modules/react-dom/cjs/react-dom-client.development.js:25904:20)
      at renderWithHooks 
(node_modules/react-dom/cjs/react-dom-client.development.js:7662:22)
      at updateFunctionComponent 
(node_modules/react-dom/cjs/react-dom-client.development.js:10166:19)
      at beginWork 
(node_modules/react-dom/cjs/react-dom-client.development.js:11778:18)
      at runWithFiberInDEV 
(node_modules/react-dom/cjs/react-dom-client.development.js:874:13)
      at performUnitOfWork 
(node_modules/react-dom/cjs/react-dom-client.development.js:17641:22)
      at workLoopSync 
(node_modules/react-dom/cjs/react-dom-client.development.js:17469:41)
      at renderRootSync 
(node_modules/react-dom/cjs/react-dom-client.development.js:17450:11)
      at performWorkOnRoot 
(node_modules/react-dom/cjs/react-dom-client.development.js:16583:35)
      at performWorkOnRootViaSchedulerTask 
(node_modules/react-dom/cjs/react-dom-client.development.js:18957:7)
      at flushActQueue (node_modules/react/cjs/react.development.js:590:34)
      at Object.<anonymous>.process.env.NODE_ENV.exports.act 
(node_modules/react/cjs/react.development.js:884:10)
      at node_modules/@testing-library/react/dist/act-compat.js:47:25
      at renderRoot (node_modules/@testing-library/react/dist/pure.js:180:26)
      at render (node_modules/@testing-library/react/dist/pure.js:271:10)
      at Object.<anonymous> 
(src/components/molecules/WuInputGroup/__tests__/WuInputGroup.test.tsx:45:11)

  ÔùÅ WuInputGroup ÔÇ║ displays error state with icon

    TypeError: Cannot read properties of undefined (reading 'className')

    [0m [90m 15 |[39m   [36mreturn[39m (
     [90m 16 |[39m     [33m<[39m[33mdiv[39m 
className[33m=[39m{containerClass}[33m>[39m
    [31m[1m>[22m[39m[90m 17 |[39m       [33m<[39m[33mWuInput[39m 
{[33m...[39minputProps} 
className[33m=[39m{[styles[33m.[39minput[33m,[39m inputProps[33m.[39mcl
assName][33m.[39mfilter([33mBoolean[39m)[33m.[39mjoin([32m" "[39m)} 
[33m/[39m[33m>[39m
     [90m    |[39m                                                           
          [31m[1m^[22m[39m
     [90m 18 |[39m       [33m<[39m[33mWuButton[39m 
{[33m...[39mbuttonProps} 
className[33m=[39m{[styles[33m.[39mbutton[33m,[39m buttonProps[33m.[39m
className][33m.[39mfilter([33mBoolean[39m)[33m.[39mjoin([32m" "[39m)} 
[33m/[39m[33m>[39m
     [90m 19 |[39m     [33m<[39m[33m/[39m[33mdiv[39m[33m>[39m
     [90m 20 |[39m   )[33m;[39m[0m

      at className 
(src/components/molecules/WuInputGroup/WuInputGroup.tsx:17:69)
      at Object.react_stack_bottom_frame 
(node_modules/react-dom/cjs/react-dom-client.development.js:25904:20)
      at renderWithHooks 
(node_modules/react-dom/cjs/react-dom-client.development.js:7662:22)
      at updateFunctionComponent 
(node_modules/react-dom/cjs/react-dom-client.development.js:10166:19)
      at beginWork 
(node_modules/react-dom/cjs/react-dom-client.development.js:11778:18)
      at runWithFiberInDEV 
(node_modules/react-dom/cjs/react-dom-client.development.js:874:13)
      at performUnitOfWork 
(node_modules/react-dom/cjs/react-dom-client.development.js:17641:22)
      at workLoopSync 
(node_modules/react-dom/cjs/react-dom-client.development.js:17469:41)
      at renderRootSync 
(node_modules/react-dom/cjs/react-dom-client.development.js:17450:11)
      at performWorkOnRoot 
(node_modules/react-dom/cjs/react-dom-client.development.js:16583:35)
      at performWorkOnRootViaSchedulerTask 
(node_modules/react-dom/cjs/react-dom-client.development.js:18957:7)
      at flushActQueue (node_modules/react/cjs/react.development.js:590:34)
      at Object.<anonymous>.process.env.NODE_ENV.exports.act 
(node_modules/react/cjs/react.development.js:884:10)
      at node_modules/@testing-library/react/dist/act-compat.js:47:25
      at renderRoot (node_modules/@testing-library/react/dist/pure.js:180:26)
      at render (node_modules/@testing-library/react/dist/pure.js:271:10)
      at Object.<anonymous> 
(src/components/molecules/WuInputGroup/__tests__/WuInputGroup.test.tsx:59:11)

  ÔùÅ WuInputGroup ÔÇ║ handles disabled state

    TypeError: Cannot read properties of undefined (reading 'className')

    [0m [90m 15 |[39m   [36mreturn[39m (
     [90m 16 |[39m     [33m<[39m[33mdiv[39m 
className[33m=[39m{containerClass}[33m>[39m
    [31m[1m>[22m[39m[90m 17 |[39m       [33m<[39m[33mWuInput[39m 
{[33m...[39minputProps} 
className[33m=[39m{[styles[33m.[39minput[33m,[39m inputProps[33m.[39mcl
assName][33m.[39mfilter([33mBoolean[39m)[33m.[39mjoin([32m" "[39m)} 
[33m/[39m[33m>[39m
     [90m    |[39m                                                           
          [31m[1m^[22m[39m
     [90m 18 |[39m       [33m<[39m[33mWuButton[39m 
{[33m...[39mbuttonProps} 
className[33m=[39m{[styles[33m.[39mbutton[33m,[39m buttonProps[33m.[39m
className][33m.[39mfilter([33mBoolean[39m)[33m.[39mjoin([32m" "[39m)} 
[33m/[39m[33m>[39m
     [90m 19 |[39m     [33m<[39m[33m/[39m[33mdiv[39m[33m>[39m
     [90m 20 |[39m   )[33m;[39m[0m

      at className 
(src/components/molecules/WuInputGroup/WuInputGroup.tsx:17:69)
      at Object.react_stack_bottom_frame 
(node_modules/react-dom/cjs/react-dom-client.development.js:25904:20)
      at renderWithHooks 
(node_modules/react-dom/cjs/react-dom-client.development.js:7662:22)
      at updateFunctionComponent 
(node_modules/react-dom/cjs/react-dom-client.development.js:10166:19)
      at beginWork 
(node_modules/react-dom/cjs/react-dom-client.development.js:11778:18)
      at runWithFiberInDEV 
(node_modules/react-dom/cjs/react-dom-client.development.js:874:13)
      at performUnitOfWork 
(node_modules/react-dom/cjs/react-dom-client.development.js:17641:22)
      at workLoopSync 
(node_modules/react-dom/cjs/react-dom-client.development.js:17469:41)
      at renderRootSync 
(node_modules/react-dom/cjs/react-dom-client.development.js:17450:11)
      at performWorkOnRoot 
(node_modules/react-dom/cjs/react-dom-client.development.js:16583:35)
      at performWorkOnRootViaSchedulerTask 
(node_modules/react-dom/cjs/react-dom-client.development.js:18957:7)
      at flushActQueue (node_modules/react/cjs/react.development.js:590:34)
      at Object.<anonymous>.process.env.NODE_ENV.exports.act 
(node_modules/react/cjs/react.development.js:884:10)
      at node_modules/@testing-library/react/dist/act-compat.js:47:25
      at renderRoot (node_modules/@testing-library/react/dist/pure.js:180:26)
      at render (node_modules/@testing-library/react/dist/pure.js:271:10)
      at Object.<anonymous> 
(src/components/molecules/WuInputGroup/__tests__/WuInputGroup.test.tsx:70:11)

(node:24604) [DEP0040] DeprecationWarning: The `punycode` module is 
deprecated. Please use a userland alternative instead.
(Use `node --trace-deprecation ...` to show where the warning was created)
FAIL src/components/atoms/WuInput/__tests__/WuInput.test.tsx
  ÔùÅ Console

    console.error
      Received `true` for a non-boolean attribute `error`.
      
      If you want to write it to the DOM, pass a string instead: error="true" 
or error={value.toString()}.

    [0m [90m 54 |[39m       [36mreturn[39m[33m;[39m
     [90m 55 |[39m     }
    [31m[1m>[22m[39m[90m 56 |[39m     
originalError[33m.[39mcall(console[33m,[39m [33m...[39margs)[33m;[39m
     [90m    |[39m                   [31m[1m^[22m[39m
     [90m 57 |[39m   }[33m;[39m
     [90m 58 |[39m })[33m;[39m
     [90m 59 |[39m[0m

      at console.call [as error] (jest.setup.tsx:56:19)
      at validateProperty 
(node_modules/react-dom/cjs/react-dom-client.development.js:3070:27)
      at warnUnknownProperties 
(node_modules/react-dom/cjs/react-dom-client.development.js:3146:9)
      at validatePropertiesInDevelopment 
(node_modules/react-dom/cjs/react-dom-client.development.js:19868:9)
      at setInitialProperties 
(node_modules/react-dom/cjs/react-dom-client.development.js:20491:7)
      at completeWork 
(node_modules/react-dom/cjs/react-dom-client.development.js:12662:18)
      at runWithFiberInDEV 
(node_modules/react-dom/cjs/react-dom-client.development.js:874:13)
      at completeUnitOfWork 
(node_modules/react-dom/cjs/react-dom-client.development.js:17777:19)
      at performUnitOfWork 
(node_modules/react-dom/cjs/react-dom-client.development.js:17658:11)
      at workLoopSync 
(node_modules/react-dom/cjs/react-dom-client.development.js:17469:41)
      at renderRootSync 
(node_modules/react-dom/cjs/react-dom-client.development.js:17450:11)
      at performWorkOnRoot 
(node_modules/react-dom/cjs/react-dom-client.development.js:16504:11)
      at performWorkOnRootViaSchedulerTask 
(node_modules/react-dom/cjs/react-dom-client.development.js:18957:7)
      at flushActQueue (node_modules/react/cjs/react.development.js:590:34)
      at Object.<anonymous>.process.env.NODE_ENV.exports.act 
(node_modules/react/cjs/react.development.js:884:10)
      at node_modules/@testing-library/react/dist/act-compat.js:47:25
      at renderRoot (node_modules/@testing-library/react/dist/pure.js:180:26)
      at render (node_modules/@testing-library/react/dist/pure.js:271:10)
      at Object.<anonymous> 
(src/components/atoms/WuInput/__tests__/WuInput.test.tsx:24:11)

    console.error
      React does not recognize the `errorMessage` prop on a DOM element. If 
you intentionally want it to appear in the DOM as a custom attribute, spell it 
as lowercase `errormessage` instead. If you accidentally passed it from a 
parent component, remove it from the DOM element.

    [0m [90m 54 |[39m       [36mreturn[39m[33m;[39m
     [90m 55 |[39m     }
    [31m[1m>[22m[39m[90m 56 |[39m     
originalError[33m.[39mcall(console[33m,[39m [33m...[39margs)[33m;[39m
     [90m    |[39m                   [31m[1m^[22m[39m
     [90m 57 |[39m   }[33m;[39m
     [90m 58 |[39m })[33m;[39m
     [90m 59 |[39m[0m

      at console.call [as error] (jest.setup.tsx:56:19)
      at validateProperty 
(node_modules/react-dom/cjs/react-dom-client.development.js:3001:19)
      at warnUnknownProperties 
(node_modules/react-dom/cjs/react-dom-client.development.js:3146:9)
      at validatePropertiesInDevelopment 
(node_modules/react-dom/cjs/react-dom-client.development.js:19868:9)
      at setInitialProperties 
(node_modules/react-dom/cjs/react-dom-client.development.js:20491:7)
      at completeWork 
(node_modules/react-dom/cjs/react-dom-client.development.js:12662:18)
      at runWithFiberInDEV 
(node_modules/react-dom/cjs/react-dom-client.development.js:874:13)
      at completeUnitOfWork 
(node_modules/react-dom/cjs/react-dom-client.development.js:17777:19)
      at performUnitOfWork 
(node_modules/react-dom/cjs/react-dom-client.development.js:17658:11)
      at workLoopSync 
(node_modules/react-dom/cjs/react-dom-client.development.js:17469:41)
      at renderRootSync 
(node_modules/react-dom/cjs/react-dom-client.development.js:17450:11)
      at performWorkOnRoot 
(node_modules/react-dom/cjs/react-dom-client.development.js:16504:11)
      at performWorkOnRootViaSchedulerTask 
(node_modules/react-dom/cjs/react-dom-client.development.js:18957:7)
      at flushActQueue (node_modules/react/cjs/react.development.js:590:34)
      at Object.<anonymous>.process.env.NODE_ENV.exports.act 
(node_modules/react/cjs/react.development.js:884:10)
      at node_modules/@testing-library/react/dist/act-compat.js:47:25
      at renderRoot (node_modules/@testing-library/react/dist/pure.js:180:26)
      at render (node_modules/@testing-library/react/dist/pure.js:271:10)
      at Object.<anonymous> 
(src/components/atoms/WuInput/__tests__/WuInput.test.tsx:24:11)

  ÔùÅ WuInput ÔÇ║ displays error state with message

    TestingLibraryElementError: Unable to find an element with the text: This 
field is required. This could be because the text is broken up by multiple 
elements. In this case, you can provide a function for your text matcher to 
make your matcher more flexible.

    Ignored nodes: comments, script, style
    [36m<body>[39m
      [36m<div>[39m
        [36m<input[39m
          [33mclass[39m=[32m"wu-input"[39m
          [33merrormessage[39m=[32m"This field is required"[39m
        [36m/>[39m
      [36m</div>[39m
    [36m</body>[39m

    [0m [90m 29 |[39m     )[33m;[39m
     [90m 30 |[39m     
    [31m[1m>[22m[39m[90m 31 |[39m     
expect(screen[33m.[39mgetByText([32m'This field is 
required'[39m))[33m.[39mtoBeInTheDocument()[33m;[39m
     [90m    |[39m                   [31m[1m^[22m[39m
     [90m 32 |[39m   })[33m;[39m
     [90m 33 |[39m
     [90m 34 |[39m   it([32m'handles disabled state'[39m[33m,[39m () 
[33m=>[39m {[0m

      at Object.getElementError 
(node_modules/@testing-library/dom/dist/config.js:37:19)
      at node_modules/@testing-library/dom/dist/query-helpers.js:76:38
      at node_modules/@testing-library/dom/dist/query-helpers.js:52:17
      at node_modules/@testing-library/dom/dist/query-helpers.js:95:19
      at Object.getByText 
(src/components/atoms/WuInput/__tests__/WuInput.test.tsx:31:19)

  ÔùÅ WuInput ÔÇ║ displays label when provided

    TestingLibraryElementError: Unable to find an element with the text: 
Email. This could be because the text is broken up by multiple elements. In 
this case, you can provide a function for your text matcher to make your 
matcher more flexible.

    Ignored nodes: comments, script, style
    [36m<body>[39m
      [36m<div>[39m
        [36m<input[39m
          [33mclass[39m=[32m"wu-input"[39m
          [33mlabel[39m=[32m"Email"[39m
        [36m/>[39m
      [36m</div>[39m
    [36m</body>[39m

    [0m [90m 48 |[39m   it([32m'displays label when 
provided'[39m[33m,[39m () [33m=>[39m {
     [90m 49 |[39m     render([33m<[39m[33mWuInput[39m 
label[33m=[39m[32m"Email"[39m [33m/[39m[33m>[39m)[33m;[39m
    [31m[1m>[22m[39m[90m 50 |[39m     expect(screen[33m.[39mgetByText(
[32m'Email'[39m))[33m.[39mtoBeInTheDocument()[33m;[39m
     [90m    |[39m                   [31m[1m^[22m[39m
     [90m 51 |[39m   })[33m;[39m
     [90m 52 |[39m
     [90m 53 |[39m   it([32m'shows required indicator'[39m[33m,[39m () 
[33m=>[39m {[0m

      at Object.getElementError 
(node_modules/@testing-library/dom/dist/config.js:37:19)
      at node_modules/@testing-library/dom/dist/query-helpers.js:76:38
      at node_modules/@testing-library/dom/dist/query-helpers.js:52:17
      at node_modules/@testing-library/dom/dist/query-helpers.js:95:19
      at Object.getByText 
(src/components/atoms/WuInput/__tests__/WuInput.test.tsx:50:19)

  ÔùÅ WuInput ÔÇ║ shows required indicator

    TestingLibraryElementError: Unable to find an element with the text: Name. 
This could be because the text is broken up by multiple elements. In this 
case, you can provide a function for your text matcher to make your matcher 
more flexible.

    Ignored nodes: comments, script, style
    [36m<body>[39m
      [36m<div>[39m
        [36m<input[39m
          [33mclass[39m=[32m"wu-input"[39m
          [33mlabel[39m=[32m"Name"[39m
          [33mrequired[39m=[32m""[39m
        [36m/>[39m
      [36m</div>[39m
    [36m</body>[39m

    [0m [90m 53 |[39m   it([32m'shows required indicator'[39m[33m,[39m 
() [33m=>[39m {
     [90m 54 |[39m     render([33m<[39m[33mWuInput[39m required 
label[33m=[39m[32m"Name"[39m [33m/[39m[33m>[39m)[33m;[39m
    [31m[1m>[22m[39m[90m 55 |[39m     expect(screen[33m.[39mgetByText(
[32m'Name'[39m))[33m.[39mtoBeInTheDocument()[33m;[39m
     [90m    |[39m                   [31m[1m^[22m[39m
     [90m 56 |[39m   })[33m;[39m
     [90m 57 |[39m
     [90m 58 |[39m   it([32m'accepts initial value'[39m[33m,[39m () 
[33m=>[39m {[0m

      at Object.getElementError 
(node_modules/@testing-library/dom/dist/config.js:37:19)
      at node_modules/@testing-library/dom/dist/query-helpers.js:76:38
      at node_modules/@testing-library/dom/dist/query-helpers.js:52:17
      at node_modules/@testing-library/dom/dist/query-helpers.js:95:19
      at Object.getByText 
(src/components/atoms/WuInput/__tests__/WuInput.test.tsx:55:19)

(node:29472) [DEP0040] DeprecationWarning: The `punycode` module is 
deprecated. Please use a userland alternative instead.
(Use `node --trace-deprecation ...` to show where the warning was created)
(node:18720) [DEP0040] DeprecationWarning: The `punycode` module is 
deprecated. Please use a userland alternative instead.
(Use `node --trace-deprecation ...` to show where the warning was created)
FAIL src/components/molecules/WuModal/__tests__/WuModal.test.tsx
  ÔùÅ WuModal ÔÇ║ renders when open is true

    TestingLibraryElementError: Unable to find an element with the text: Modal 
content. This could be because the text is broken up by multiple elements. In 
this case, you can provide a function for your text matcher to make your 
matcher more flexible.

    Ignored nodes: comments, script, style
    [36m<body>[39m
      [36m<div />[39m
    [36m</body>[39m

    [0m [90m 12 |[39m     )[33m;[39m
     [90m 13 |[39m     
    [31m[1m>[22m[39m[90m 14 |[39m     
expect(screen[33m.[39mgetByText([32m'Modal 
content'[39m))[33m.[39mtoBeInTheDocument()[33m;[39m
     [90m    |[39m                   [31m[1m^[22m[39m
     [90m 15 |[39m   })[33m;[39m
     [90m 16 |[39m
     [90m 17 |[39m   it([32m'does not render when open is 
false'[39m[33m,[39m () [33m=>[39m {[0m

      at Object.getElementError 
(node_modules/@testing-library/dom/dist/config.js:37:19)
      at node_modules/@testing-library/dom/dist/query-helpers.js:76:38
      at node_modules/@testing-library/dom/dist/query-helpers.js:52:17
      at node_modules/@testing-library/dom/dist/query-helpers.js:95:19
      at Object.getByText 
(src/components/molecules/WuModal/__tests__/WuModal.test.tsx:14:19)

  ÔùÅ WuModal ÔÇ║ calls onClose when close button clicked

    TestingLibraryElementError: Unable to find an accessible element with the 
role "button" and name `/close/i`

    There are no accessible roles. But there might be some inaccessible roles. 
If you wish to access them, then set the `hidden` option to `true`. Learn more 
about this here: 
https://testing-library.com/docs/dom-testing-library/api-queries#byrole

    Ignored nodes: comments, script, style
    [36m<body>[39m
      [36m<div />[39m
    [36m</body>[39m

    [0m [90m 33 |[39m     )[33m;[39m
     [90m 34 |[39m     
    [31m[1m>[22m[39m[90m 35 |[39m     [36mconst[39m closeButton 
[33m=[39m screen[33m.[39mgetByRole([32m'button'[39m[33m,[39m { 
name[33m:[39m [35m/close/i[39m })[33m;[39m
     [90m    |[39m                                [31m[1m^[22m[39m
     [90m 36 |[39m     [36mawait[39m 
userEvent[33m.[39mclick(closeButton)[33m;[39m
     [90m 37 |[39m     
     [90m 38 |[39m     
expect(handleClose)[33m.[39mtoHaveBeenCalled()[33m;[39m[0m

      at Object.getElementError 
(node_modules/@testing-library/dom/dist/config.js:37:19)
      at node_modules/@testing-library/dom/dist/query-helpers.js:76:38
      at node_modules/@testing-library/dom/dist/query-helpers.js:52:17
      at node_modules/@testing-library/dom/dist/query-helpers.js:95:19
      at Object.getByRole 
(src/components/molecules/WuModal/__tests__/WuModal.test.tsx:35:32)

  ÔùÅ WuModal ÔÇ║ displays title when provided

    TestingLibraryElementError: Unable to find an element with the text: Modal 
Title. This could be because the text is broken up by multiple elements. In 
this case, you can provide a function for your text matcher to make your 
matcher more flexible.

    Ignored nodes: comments, script, style
    [36m<body>[39m
      [36m<div />[39m
    [36m</body>[39m

    [0m [90m 46 |[39m     )[33m;[39m
     [90m 47 |[39m     
    [31m[1m>[22m[39m[90m 48 |[39m     
expect(screen[33m.[39mgetByText([32m'Modal 
Title'[39m))[33m.[39mtoBeInTheDocument()[33m;[39m
     [90m    |[39m                   [31m[1m^[22m[39m
     [90m 49 |[39m   })[33m;[39m
     [90m 50 |[39m
     [90m 51 |[39m   it([32m'closes on backdrop click'[39m[33m,[39m 
[36masync[39m () [33m=>[39m {[0m

      at Object.getElementError 
(node_modules/@testing-library/dom/dist/config.js:37:19)
      at node_modules/@testing-library/dom/dist/query-helpers.js:76:38
      at node_modules/@testing-library/dom/dist/query-helpers.js:52:17
      at node_modules/@testing-library/dom/dist/query-helpers.js:95:19
      at Object.getByText 
(src/components/molecules/WuModal/__tests__/WuModal.test.tsx:48:19)

  ÔùÅ WuModal ÔÇ║ closes on backdrop click

    TestingLibraryElementError: Unable to find an accessible element with the 
role "presentation"

    There are no accessible roles. But there might be some inaccessible roles. 
If you wish to access them, then set the `hidden` option to `true`. Learn more 
about this here: 
https://testing-library.com/docs/dom-testing-library/api-queries#byrole

    Ignored nodes: comments, script, style
    [36m<body>[39m
      [36m<div />[39m
    [36m</body>[39m

    [0m [90m 57 |[39m     )[33m;[39m
     [90m 58 |[39m     
    [31m[1m>[22m[39m[90m 59 |[39m     [36mconst[39m backdrop 
[33m=[39m screen[33m.[39mgetByRole([32m'presentation'[39m)[33m;[39m
     [90m    |[39m                             [31m[1m^[22m[39m
     [90m 60 |[39m     [36mawait[39m 
userEvent[33m.[39mclick(backdrop)[33m;[39m
     [90m 61 |[39m     
     [90m 62 |[39m     
expect(handleClose)[33m.[39mtoHaveBeenCalled()[33m;[39m[0m

      at Object.getElementError 
(node_modules/@testing-library/dom/dist/config.js:37:19)
      at node_modules/@testing-library/dom/dist/query-helpers.js:76:38
      at node_modules/@testing-library/dom/dist/query-helpers.js:52:17
      at node_modules/@testing-library/dom/dist/query-helpers.js:95:19
      at Object.getByRole 
(src/components/molecules/WuModal/__tests__/WuModal.test.tsx:59:29)

  ÔùÅ WuModal ÔÇ║ supports footer content

    TestingLibraryElementError: Unable to find an element with the text: Save. 
This could be because the text is broken up by multiple elements. In this 
case, you can provide a function for your text matcher to make your matcher 
more flexible.

    Ignored nodes: comments, script, style
    [36m<body>[39m
      [36m<div />[39m
    [36m</body>[39m

    [0m [90m 74 |[39m     )[33m;[39m
     [90m 75 |[39m     
    [31m[1m>[22m[39m[90m 76 |[39m     expect(screen[33m.[39mgetByText(
[32m'Save'[39m))[33m.[39mtoBeInTheDocument()[33m;[39m
     [90m    |[39m                   [31m[1m^[22m[39m
     [90m 77 |[39m   })[33m;[39m
     [90m 78 |[39m
     [90m 79 |[39m   it([32m'prevents close when closeOnBackdropClick is 
false'[39m[33m,[39m [36masync[39m () [33m=>[39m {[0m

      at Object.getElementError 
(node_modules/@testing-library/dom/dist/config.js:37:19)
      at node_modules/@testing-library/dom/dist/query-helpers.js:76:38
      at node_modules/@testing-library/dom/dist/query-helpers.js:52:17
      at node_modules/@testing-library/dom/dist/query-helpers.js:95:19
      at Object.getByText 
(src/components/molecules/WuModal/__tests__/WuModal.test.tsx:76:19)

  ÔùÅ WuModal ÔÇ║ prevents close when closeOnBackdropClick is false

    TestingLibraryElementError: Unable to find an accessible element with the 
role "presentation"

    There are no accessible roles. But there might be some inaccessible roles. 
If you wish to access them, then set the `hidden` option to `true`. Learn more 
about this here: 
https://testing-library.com/docs/dom-testing-library/api-queries#byrole

    Ignored nodes: comments, script, style
    [36m<body>[39m
      [36m<div />[39m
    [36m</body>[39m

    [0m [90m 89 |[39m     )[33m;[39m
     [90m 90 |[39m     
    [31m[1m>[22m[39m[90m 91 |[39m     [36mconst[39m backdrop 
[33m=[39m screen[33m.[39mgetByRole([32m'presentation'[39m)[33m;[39m
     [90m    |[39m                             [31m[1m^[22m[39m
     [90m 92 |[39m     [36mawait[39m 
userEvent[33m.[39mclick(backdrop)[33m;[39m
     [90m 93 |[39m     
     [90m 94 |[39m     
expect(handleClose)[33m.[39mnot[33m.[39mtoHaveBeenCalled()[33m;[39m[0m

      at Object.getElementError 
(node_modules/@testing-library/dom/dist/config.js:37:19)
      at node_modules/@testing-library/dom/dist/query-helpers.js:76:38
      at node_modules/@testing-library/dom/dist/query-helpers.js:52:17
      at node_modules/@testing-library/dom/dist/query-helpers.js:95:19
      at Object.getByRole 
(src/components/molecules/WuModal/__tests__/WuModal.test.tsx:91:29)

FAIL src/components/atoms/WuCheckbox/__tests__/WuCheckbox.test.tsx
  ÔùÅ Console

    console.error
      React does not recognize the `errorMessage` prop on a DOM element. If 
you intentionally want it to appear in the DOM as a custom attribute, spell it 
as lowercase `errormessage` instead. If you accidentally passed it from a 
parent component, remove it from the DOM element.

    [0m [90m 54 |[39m       [36mreturn[39m[33m;[39m
     [90m 55 |[39m     }
    [31m[1m>[22m[39m[90m 56 |[39m     
originalError[33m.[39mcall(console[33m,[39m [33m...[39margs)[33m;[39m
     [90m    |[39m                   [31m[1m^[22m[39m
     [90m 57 |[39m   }[33m;[39m
     [90m 58 |[39m })[33m;[39m
     [90m 59 |[39m[0m

      at console.call [as error] (jest.setup.tsx:56:19)
      at validateProperty 
(node_modules/react-dom/cjs/react-dom-client.development.js:3001:19)
      at warnUnknownProperties 
(node_modules/react-dom/cjs/react-dom-client.development.js:3146:9)
      at validatePropertiesInDevelopment 
(node_modules/react-dom/cjs/react-dom-client.development.js:19868:9)
      at setInitialProperties 
(node_modules/react-dom/cjs/react-dom-client.development.js:20491:7)
      at completeWork 
(node_modules/react-dom/cjs/react-dom-client.development.js:12662:18)
      at runWithFiberInDEV 
(node_modules/react-dom/cjs/react-dom-client.development.js:874:13)
      at completeUnitOfWork 
(node_modules/react-dom/cjs/react-dom-client.development.js:17777:19)
      at performUnitOfWork 
(node_modules/react-dom/cjs/react-dom-client.development.js:17658:11)
      at workLoopSync 
(node_modules/react-dom/cjs/react-dom-client.development.js:17469:41)
      at renderRootSync 
(node_modules/react-dom/cjs/react-dom-client.development.js:17450:11)
      at performWorkOnRoot 
(node_modules/react-dom/cjs/react-dom-client.development.js:16504:11)
      at performWorkOnRootViaSchedulerTask 
(node_modules/react-dom/cjs/react-dom-client.development.js:18957:7)
      at flushActQueue (node_modules/react/cjs/react.development.js:590:34)
      at Object.<anonymous>.process.env.NODE_ENV.exports.act 
(node_modules/react/cjs/react.development.js:884:10)
      at node_modules/@testing-library/react/dist/act-compat.js:47:25
      at renderRoot (node_modules/@testing-library/react/dist/pure.js:180:26)
      at render (node_modules/@testing-library/react/dist/pure.js:271:10)
      at Object.<anonymous> 
(src/components/atoms/WuCheckbox/__tests__/WuCheckbox.test.tsx:38:11)

  ÔùÅ WuCheckbox ÔÇ║ shows error message

    TestingLibraryElementError: Unable to find an element with the text: This 
is required. This could be because the text is broken up by multiple elements. 
In this case, you can provide a function for your text matcher to make your 
matcher more flexible.

    Ignored nodes: comments, script, style
    [36m<body>[39m
      [36m<div>[39m
        [36m<label[39m
          [33mclass[39m=[32m"wrapper error"[39m
          [33mfor[39m=[32m"_r_5_"[39m
        [36m>[39m
          [36m<input[39m
            [33maria-invalid[39m=[32m"true"[39m
            [33mclass[39m=[32m"input"[39m
            [33merrormessage[39m=[32m"This is required"[39m
            [33mid[39m=[32m"_r_5_"[39m
            [33mtype[39m=[32m"checkbox"[39m
          [36m/>[39m
          [36m<span[39m
            [33maria-hidden[39m=[32m"true"[39m
            [33mclass[39m=[32m"box"[39m
          [36m>[39m
            [36m<svg[39m
              [33maria-hidden[39m=[32m"true"[39m
              [33mclass[39m=[32m"lucide lucide-check checkIcon"[39m
              [33mfill[39m=[32m"none"[39m
              [33mheight[39m=[32m"24"[39m
              [33mstroke[39m=[32m"currentColor"[39m
              [33mstroke-linecap[39m=[32m"round"[39m
              [33mstroke-linejoin[39m=[32m"round"[39m
              [33mstroke-width[39m=[32m"3"[39m
              [33mviewBox[39m=[32m"0 0 24 24"[39m
              [33mwidth[39m=[32m"24"[39m
              [33mxmlns[39m=[32m"http://www.w3.org/2000/svg"[39m
            [36m>[39m
              [36m<path[39m
                [33md[39m=[32m"M20 6 9 17l-5-5"[39m
              [36m/>[39m
            [36m</svg>[39m
          [36m</span>[39m
        [36m</label>[39m
      [36m</div>[39m
    [36m</body>[39m

    [0m [90m 43 |[39m     )[33m;[39m
     [90m 44 |[39m     
    [31m[1m>[22m[39m[90m 45 |[39m     
expect(screen[33m.[39mgetByText([32m'This is 
required'[39m))[33m.[39mtoBeInTheDocument()[33m;[39m
     [90m    |[39m                   [31m[1m^[22m[39m
     [90m 46 |[39m   })[33m;[39m
     [90m 47 |[39m
     [90m 48 |[39m   it([32m'supports description text'[39m[33m,[39m () 
[33m=>[39m {[0m

      at Object.getElementError 
(node_modules/@testing-library/dom/dist/config.js:37:19)
      at node_modules/@testing-library/dom/dist/query-helpers.js:76:38
      at node_modules/@testing-library/dom/dist/query-helpers.js:52:17
      at node_modules/@testing-library/dom/dist/query-helpers.js:95:19
      at Object.getByText 
(src/components/atoms/WuCheckbox/__tests__/WuCheckbox.test.tsx:45:19)

(node:29844) [DEP0040] DeprecationWarning: The `punycode` module is 
deprecated. Please use a userland alternative instead.
(Use `node --trace-deprecation ...` to show where the warning was created)
FAIL src/components/organisms/WuNavbar/__tests__/WuNavbar.test.tsx (5.222 s)
  ÔùÅ WuNavbar ÔÇ║ renders navigation bar

    TypeError: Cannot read properties of undefined (reading 'locales')

    [0m [90m 22 |[39m   [36mreturn[39m (
     [90m 23 |[39m     [33m<[39m[33mdiv[39m 
className[33m=[39m{styles[33m.[39mswitcher}[33m>[39m
    [31m[1m>[22m[39m[90m 24 |[39m       
{routing[33m.[39mlocales[33m.[39mmap((loc) [33m=>[39m (
     [90m    |[39m                [31m[1m^[22m[39m
     [90m 25 |[39m         [33m<[39m[33mbutton[39m
     [90m 26 |[39m           key[33m=[39m{loc}
     [90m 27 |[39m           onClick[33m=[39m{() [33m=>[39m 
handleLocaleChange(loc)}[0m

      at locales 
(src/components/atoms/WuLanguageSwitcher/WuLanguageSwitcher.tsx:24:16)
      at Object.react_stack_bottom_frame 
(node_modules/react-dom/cjs/react-dom-client.development.js:25904:20)
      at renderWithHooks 
(node_modules/react-dom/cjs/react-dom-client.development.js:7662:22)
      at updateFunctionComponent 
(node_modules/react-dom/cjs/react-dom-client.development.js:10166:19)
      at beginWork 
(node_modules/react-dom/cjs/react-dom-client.development.js:11778:18)
      at runWithFiberInDEV 
(node_modules/react-dom/cjs/react-dom-client.development.js:874:13)
      at performUnitOfWork 
(node_modules/react-dom/cjs/react-dom-client.development.js:17641:22)
      at workLoopSync 
(node_modules/react-dom/cjs/react-dom-client.development.js:17469:41)
      at renderRootSync 
(node_modules/react-dom/cjs/react-dom-client.development.js:17450:11)
      at performWorkOnRoot 
(node_modules/react-dom/cjs/react-dom-client.development.js:16583:35)
      at performWorkOnRootViaSchedulerTask 
(node_modules/react-dom/cjs/react-dom-client.development.js:18957:7)
      at flushActQueue (node_modules/react/cjs/react.development.js:590:34)
      at Object.<anonymous>.process.env.NODE_ENV.exports.act 
(node_modules/react/cjs/react.development.js:884:10)
      at node_modules/@testing-library/react/dist/act-compat.js:47:25
      at renderRoot (node_modules/@testing-library/react/dist/pure.js:180:26)
      at render (node_modules/@testing-library/react/dist/pure.js:271:10)
      at Object.<anonymous> 
(src/components/organisms/WuNavbar/__tests__/WuNavbar.test.tsx:25:11)

  ÔùÅ WuNavbar ÔÇ║ displays logo or brand name

    TypeError: Cannot read properties of undefined (reading 'locales')

    [0m [90m 22 |[39m   [36mreturn[39m (
     [90m 23 |[39m     [33m<[39m[33mdiv[39m 
className[33m=[39m{styles[33m.[39mswitcher}[33m>[39m
    [31m[1m>[22m[39m[90m 24 |[39m       
{routing[33m.[39mlocales[33m.[39mmap((loc) [33m=>[39m (
     [90m    |[39m                [31m[1m^[22m[39m
     [90m 25 |[39m         [33m<[39m[33mbutton[39m
     [90m 26 |[39m           key[33m=[39m{loc}
     [90m 27 |[39m           onClick[33m=[39m{() [33m=>[39m 
handleLocaleChange(loc)}[0m

      at locales 
(src/components/atoms/WuLanguageSwitcher/WuLanguageSwitcher.tsx:24:16)
      at Object.react_stack_bottom_frame 
(node_modules/react-dom/cjs/react-dom-client.development.js:25904:20)
      at renderWithHooks 
(node_modules/react-dom/cjs/react-dom-client.development.js:7662:22)
      at updateFunctionComponent 
(node_modules/react-dom/cjs/react-dom-client.development.js:10166:19)
      at beginWork 
(node_modules/react-dom/cjs/react-dom-client.development.js:11778:18)
      at runWithFiberInDEV 
(node_modules/react-dom/cjs/react-dom-client.development.js:874:13)
      at performUnitOfWork 
(node_modules/react-dom/cjs/react-dom-client.development.js:17641:22)
      at workLoopSync 
(node_modules/react-dom/cjs/react-dom-client.development.js:17469:41)
      at renderRootSync 
(node_modules/react-dom/cjs/react-dom-client.development.js:17450:11)
      at performWorkOnRoot 
(node_modules/react-dom/cjs/react-dom-client.development.js:16583:35)
      at performWorkOnRootViaSchedulerTask 
(node_modules/react-dom/cjs/react-dom-client.development.js:18957:7)
      at flushActQueue (node_modules/react/cjs/react.development.js:590:34)
      at Object.<anonymous>.process.env.NODE_ENV.exports.act 
(node_modules/react/cjs/react.development.js:884:10)
      at node_modules/@testing-library/react/dist/act-compat.js:47:25
      at renderRoot (node_modules/@testing-library/react/dist/pure.js:180:26)
      at render (node_modules/@testing-library/react/dist/pure.js:271:10)
      at Object.<anonymous> 
(src/components/organisms/WuNavbar/__tests__/WuNavbar.test.tsx:30:11)

  ÔùÅ WuNavbar ÔÇ║ shows user menu when authenticated

    TypeError: Cannot read properties of undefined (reading 'locales')

    [0m [90m 22 |[39m   [36mreturn[39m (
     [90m 23 |[39m     [33m<[39m[33mdiv[39m 
className[33m=[39m{styles[33m.[39mswitcher}[33m>[39m
    [31m[1m>[22m[39m[90m 24 |[39m       
{routing[33m.[39mlocales[33m.[39mmap((loc) [33m=>[39m (
     [90m    |[39m                [31m[1m^[22m[39m
     [90m 25 |[39m         [33m<[39m[33mbutton[39m
     [90m 26 |[39m           key[33m=[39m{loc}
     [90m 27 |[39m           onClick[33m=[39m{() [33m=>[39m 
handleLocaleChange(loc)}[0m

      at locales 
(src/components/atoms/WuLanguageSwitcher/WuLanguageSwitcher.tsx:24:16)
      at Object.react_stack_bottom_frame 
(node_modules/react-dom/cjs/react-dom-client.development.js:25904:20)
      at renderWithHooks 
(node_modules/react-dom/cjs/react-dom-client.development.js:7662:22)
      at updateFunctionComponent 
(node_modules/react-dom/cjs/react-dom-client.development.js:10166:19)
      at beginWork 
(node_modules/react-dom/cjs/react-dom-client.development.js:11778:18)
      at runWithFiberInDEV 
(node_modules/react-dom/cjs/react-dom-client.development.js:874:13)
      at performUnitOfWork 
(node_modules/react-dom/cjs/react-dom-client.development.js:17641:22)
      at workLoopSync 
(node_modules/react-dom/cjs/react-dom-client.development.js:17469:41)
      at renderRootSync 
(node_modules/react-dom/cjs/react-dom-client.development.js:17450:11)
      at performWorkOnRoot 
(node_modules/react-dom/cjs/react-dom-client.development.js:16583:35)
      at performWorkOnRootViaSchedulerTask 
(node_modules/react-dom/cjs/react-dom-client.development.js:18957:7)
      at flushActQueue (node_modules/react/cjs/react.development.js:590:34)
      at Object.<anonymous>.process.env.NODE_ENV.exports.act 
(node_modules/react/cjs/react.development.js:884:10)
      at node_modules/@testing-library/react/dist/act-compat.js:47:25
      at renderRoot (node_modules/@testing-library/react/dist/pure.js:180:26)
      at render (node_modules/@testing-library/react/dist/pure.js:271:10)
      at Object.<anonymous> 
(src/components/organisms/WuNavbar/__tests__/WuNavbar.test.tsx:35:11)

  ÔùÅ WuNavbar ÔÇ║ displays language switcher

    TypeError: Cannot read properties of undefined (reading 'locales')

    [0m [90m 22 |[39m   [36mreturn[39m (
     [90m 23 |[39m     [33m<[39m[33mdiv[39m 
className[33m=[39m{styles[33m.[39mswitcher}[33m>[39m
    [31m[1m>[22m[39m[90m 24 |[39m       
{routing[33m.[39mlocales[33m.[39mmap((loc) [33m=>[39m (
     [90m    |[39m                [31m[1m^[22m[39m
     [90m 25 |[39m         [33m<[39m[33mbutton[39m
     [90m 26 |[39m           key[33m=[39m{loc}
     [90m 27 |[39m           onClick[33m=[39m{() [33m=>[39m 
handleLocaleChange(loc)}[0m

      at locales 
(src/components/atoms/WuLanguageSwitcher/WuLanguageSwitcher.tsx:24:16)
      at Object.react_stack_bottom_frame 
(node_modules/react-dom/cjs/react-dom-client.development.js:25904:20)
      at renderWithHooks 
(node_modules/react-dom/cjs/react-dom-client.development.js:7662:22)
      at updateFunctionComponent 
(node_modules/react-dom/cjs/react-dom-client.development.js:10166:19)
      at beginWork 
(node_modules/react-dom/cjs/react-dom-client.development.js:11778:18)
      at runWithFiberInDEV 
(node_modules/react-dom/cjs/react-dom-client.development.js:874:13)
      at performUnitOfWork 
(node_modules/react-dom/cjs/react-dom-client.development.js:17641:22)
      at workLoopSync 
(node_modules/react-dom/cjs/react-dom-client.development.js:17469:41)
      at renderRootSync 
(node_modules/react-dom/cjs/react-dom-client.development.js:17450:11)
      at performWorkOnRoot 
(node_modules/react-dom/cjs/react-dom-client.development.js:16583:35)
      at performWorkOnRootViaSchedulerTask 
(node_modules/react-dom/cjs/react-dom-client.development.js:18957:7)
      at flushActQueue (node_modules/react/cjs/react.development.js:590:34)
      at Object.<anonymous>.process.env.NODE_ENV.exports.act 
(node_modules/react/cjs/react.development.js:884:10)
      at node_modules/@testing-library/react/dist/act-compat.js:47:25
      at renderRoot (node_modules/@testing-library/react/dist/pure.js:180:26)
      at render (node_modules/@testing-library/react/dist/pure.js:271:10)
      at Object.<anonymous> 
(src/components/organisms/WuNavbar/__tests__/WuNavbar.test.tsx:40:11)

  ÔùÅ WuNavbar ÔÇ║ links to profile page

    TypeError: Cannot read properties of undefined (reading 'locales')

    [0m [90m 22 |[39m   [36mreturn[39m (
     [90m 23 |[39m     [33m<[39m[33mdiv[39m 
className[33m=[39m{styles[33m.[39mswitcher}[33m>[39m
    [31m[1m>[22m[39m[90m 24 |[39m       
{routing[33m.[39mlocales[33m.[39mmap((loc) [33m=>[39m (
     [90m    |[39m                [31m[1m^[22m[39m
     [90m 25 |[39m         [33m<[39m[33mbutton[39m
     [90m 26 |[39m           key[33m=[39m{loc}
     [90m 27 |[39m           onClick[33m=[39m{() [33m=>[39m 
handleLocaleChange(loc)}[0m

      at locales 
(src/components/atoms/WuLanguageSwitcher/WuLanguageSwitcher.tsx:24:16)
      at Object.react_stack_bottom_frame 
(node_modules/react-dom/cjs/react-dom-client.development.js:25904:20)
      at renderWithHooks 
(node_modules/react-dom/cjs/react-dom-client.development.js:7662:22)
      at updateFunctionComponent 
(node_modules/react-dom/cjs/react-dom-client.development.js:10166:19)
      at beginWork 
(node_modules/react-dom/cjs/react-dom-client.development.js:11778:18)
      at runWithFiberInDEV 
(node_modules/react-dom/cjs/react-dom-client.development.js:874:13)
      at performUnitOfWork 
(node_modules/react-dom/cjs/react-dom-client.development.js:17641:22)
      at workLoopSync 
(node_modules/react-dom/cjs/react-dom-client.development.js:17469:41)
      at renderRootSync 
(node_modules/react-dom/cjs/react-dom-client.development.js:17450:11)
      at performWorkOnRoot 
(node_modules/react-dom/cjs/react-dom-client.development.js:16583:35)
      at performWorkOnRootViaSchedulerTask 
(node_modules/react-dom/cjs/react-dom-client.development.js:18957:7)
      at flushActQueue (node_modules/react/cjs/react.development.js:590:34)
      at Object.<anonymous>.process.env.NODE_ENV.exports.act 
(node_modules/react/cjs/react.development.js:884:10)
      at node_modules/@testing-library/react/dist/act-compat.js:47:25
      at renderRoot (node_modules/@testing-library/react/dist/pure.js:180:26)
      at render (node_modules/@testing-library/react/dist/pure.js:271:10)
      at Object.<anonymous> 
(src/components/organisms/WuNavbar/__tests__/WuNavbar.test.tsx:45:11)

  ÔùÅ WuNavbar ÔÇ║ links to wishlists page

    TypeError: Cannot read properties of undefined (reading 'locales')

    [0m [90m 22 |[39m   [36mreturn[39m (
     [90m 23 |[39m     [33m<[39m[33mdiv[39m 
className[33m=[39m{styles[33m.[39mswitcher}[33m>[39m
    [31m[1m>[22m[39m[90m 24 |[39m       
{routing[33m.[39mlocales[33m.[39mmap((loc) [33m=>[39m (
     [90m    |[39m                [31m[1m^[22m[39m
     [90m 25 |[39m         [33m<[39m[33mbutton[39m
     [90m 26 |[39m           key[33m=[39m{loc}
     [90m 27 |[39m           onClick[33m=[39m{() [33m=>[39m 
handleLocaleChange(loc)}[0m

      at locales 
(src/components/atoms/WuLanguageSwitcher/WuLanguageSwitcher.tsx:24:16)
      at Object.react_stack_bottom_frame 
(node_modules/react-dom/cjs/react-dom-client.development.js:25904:20)
      at renderWithHooks 
(node_modules/react-dom/cjs/react-dom-client.development.js:7662:22)
      at updateFunctionComponent 
(node_modules/react-dom/cjs/react-dom-client.development.js:10166:19)
      at beginWork 
(node_modules/react-dom/cjs/react-dom-client.development.js:11778:18)
      at runWithFiberInDEV 
(node_modules/react-dom/cjs/react-dom-client.development.js:874:13)
      at performUnitOfWork 
(node_modules/react-dom/cjs/react-dom-client.development.js:17641:22)
      at workLoopSync 
(node_modules/react-dom/cjs/react-dom-client.development.js:17469:41)
      at renderRootSync 
(node_modules/react-dom/cjs/react-dom-client.development.js:17450:11)
      at performWorkOnRoot 
(node_modules/react-dom/cjs/react-dom-client.development.js:16583:35)
      at performWorkOnRootViaSchedulerTask 
(node_modules/react-dom/cjs/react-dom-client.development.js:18957:7)
      at flushActQueue (node_modules/react/cjs/react.development.js:590:34)
      at Object.<anonymous>.process.env.NODE_ENV.exports.act 
(node_modules/react/cjs/react.development.js:884:10)
      at node_modules/@testing-library/react/dist/act-compat.js:47:25
      at renderRoot (node_modules/@testing-library/react/dist/pure.js:180:26)
      at render (node_modules/@testing-library/react/dist/pure.js:271:10)
      at Object.<anonymous> 
(src/components/organisms/WuNavbar/__tests__/WuNavbar.test.tsx:53:11)

  ÔùÅ WuNavbar ÔÇ║ provides sign out option

    TypeError: Cannot read properties of undefined (reading 'locales')

    [0m [90m 22 |[39m   [36mreturn[39m (
     [90m 23 |[39m     [33m<[39m[33mdiv[39m 
className[33m=[39m{styles[33m.[39mswitcher}[33m>[39m
    [31m[1m>[22m[39m[90m 24 |[39m       
{routing[33m.[39mlocales[33m.[39mmap((loc) [33m=>[39m (
     [90m    |[39m                [31m[1m^[22m[39m
     [90m 25 |[39m         [33m<[39m[33mbutton[39m
     [90m 26 |[39m           key[33m=[39m{loc}
     [90m 27 |[39m           onClick[33m=[39m{() [33m=>[39m 
handleLocaleChange(loc)}[0m

      at locales 
(src/components/atoms/WuLanguageSwitcher/WuLanguageSwitcher.tsx:24:16)
      at Object.react_stack_bottom_frame 
(node_modules/react-dom/cjs/react-dom-client.development.js:25904:20)
      at renderWithHooks 
(node_modules/react-dom/cjs/react-dom-client.development.js:7662:22)
      at updateFunctionComponent 
(node_modules/react-dom/cjs/react-dom-client.development.js:10166:19)
      at beginWork 
(node_modules/react-dom/cjs/react-dom-client.development.js:11778:18)
      at runWithFiberInDEV 
(node_modules/react-dom/cjs/react-dom-client.development.js:874:13)
      at performUnitOfWork 
(node_modules/react-dom/cjs/react-dom-client.development.js:17641:22)
      at workLoopSync 
(node_modules/react-dom/cjs/react-dom-client.development.js:17469:41)
      at renderRootSync 
(node_modules/react-dom/cjs/react-dom-client.development.js:17450:11)
      at performWorkOnRoot 
(node_modules/react-dom/cjs/react-dom-client.development.js:16583:35)
      at performWorkOnRootViaSchedulerTask 
(node_modules/react-dom/cjs/react-dom-client.development.js:18957:7)
      at flushActQueue (node_modules/react/cjs/react.development.js:590:34)
      at Object.<anonymous>.process.env.NODE_ENV.exports.act 
(node_modules/react/cjs/react.development.js:884:10)
      at node_modules/@testing-library/react/dist/act-compat.js:47:25
      at renderRoot (node_modules/@testing-library/react/dist/pure.js:180:26)
      at render (node_modules/@testing-library/react/dist/pure.js:271:10)
      at Object.<anonymous> 
(src/components/organisms/WuNavbar/__tests__/WuNavbar.test.tsx:61:11)

  ÔùÅ WuNavbar ÔÇ║ is responsive on mobile

    TypeError: Cannot read properties of undefined (reading 'locales')

    [0m [90m 22 |[39m   [36mreturn[39m (
     [90m 23 |[39m     [33m<[39m[33mdiv[39m 
className[33m=[39m{styles[33m.[39mswitcher}[33m>[39m
    [31m[1m>[22m[39m[90m 24 |[39m       
{routing[33m.[39mlocales[33m.[39mmap((loc) [33m=>[39m (
     [90m    |[39m                [31m[1m^[22m[39m
     [90m 25 |[39m         [33m<[39m[33mbutton[39m
     [90m 26 |[39m           key[33m=[39m{loc}
     [90m 27 |[39m           onClick[33m=[39m{() [33m=>[39m 
handleLocaleChange(loc)}[0m

      at locales 
(src/components/atoms/WuLanguageSwitcher/WuLanguageSwitcher.tsx:24:16)
      at Object.react_stack_bottom_frame 
(node_modules/react-dom/cjs/react-dom-client.development.js:25904:20)
      at renderWithHooks 
(node_modules/react-dom/cjs/react-dom-client.development.js:7662:22)
      at updateFunctionComponent 
(node_modules/react-dom/cjs/react-dom-client.development.js:10166:19)
      at beginWork 
(node_modules/react-dom/cjs/react-dom-client.development.js:11778:18)
      at runWithFiberInDEV 
(node_modules/react-dom/cjs/react-dom-client.development.js:874:13)
      at performUnitOfWork 
(node_modules/react-dom/cjs/react-dom-client.development.js:17641:22)
      at workLoopSync 
(node_modules/react-dom/cjs/react-dom-client.development.js:17469:41)
      at renderRootSync 
(node_modules/react-dom/cjs/react-dom-client.development.js:17450:11)
      at performWorkOnRoot 
(node_modules/react-dom/cjs/react-dom-client.development.js:16583:35)
      at performWorkOnRootViaSchedulerTask 
(node_modules/react-dom/cjs/react-dom-client.development.js:18957:7)
      at flushActQueue (node_modules/react/cjs/react.development.js:590:34)
      at Object.<anonymous>.process.env.NODE_ENV.exports.act 
(node_modules/react/cjs/react.development.js:884:10)
      at node_modules/@testing-library/react/dist/act-compat.js:47:25
      at renderRoot (node_modules/@testing-library/react/dist/pure.js:180:26)
      at render (node_modules/@testing-library/react/dist/pure.js:271:10)
      at Object.<anonymous> 
(src/components/organisms/WuNavbar/__tests__/WuNavbar.test.tsx:69:11)

FAIL src/lib/__tests__/gravatar.test.ts
  ÔùÅ gravatar.ts ÔÇ║ generates correct Gravatar URL for email

    expect(received).toContain(expected) // indexOf

    Expected substring: "95cba6d0c277855451220032ebe105e5"
    Received string:    
"https://www.gravatar.com/avatar/55502f40dc8b7c769880b10874abc9d0?s=80&d=mp"

    [0m [90m  7 |[39m     
     [90m  8 |[39m     expect(url)[33m.[39mtoContain([32m'https://www.grav
atar.com/avatar/'[39m)[33m;[39m
    [31m[1m>[22m[39m[90m  9 |[39m     expect(url)[33m.[39mtoContain([3
2m'95cba6d0c277855451220032ebe105e5'[39m)[33m;[39m
     [90m    |[39m                 [31m[1m^[22m[39m
     [90m 10 |[39m   })[33m;[39m
     [90m 11 |[39m
     [90m 12 |[39m   it([32m'handles email with whitespace'[39m[33m,[39m 
() [33m=>[39m {[0m

      at Object.toContain (src/lib/__tests__/gravatar.test.ts:9:17)

  ÔùÅ gravatar.ts ÔÇ║ handles email with whitespace

    expect(received).toContain(expected) // indexOf

    Expected substring: "95cba6d0c277855451220032ebe105e5"
    Received string:    
"https://www.gravatar.com/avatar/55502f40dc8b7c769880b10874abc9d0?s=80&d=mp"

    [0m [90m 14 |[39m     [36mconst[39m url [33m=[39m 
getGravatarUrl(email)[33m;[39m
     [90m 15 |[39m     
    [31m[1m>[22m[39m[90m 16 |[39m     expect(url)[33m.[39mtoContain([3
2m'95cba6d0c277855451220032ebe105e5'[39m)[33m;[39m
     [90m    |[39m                 [31m[1m^[22m[39m
     [90m 17 |[39m   })[33m;[39m
     [90m 18 |[39m
     [90m 19 |[39m   it([32m'supports size parameter'[39m[33m,[39m () 
[33m=>[39m {[0m

      at Object.toContain (src/lib/__tests__/gravatar.test.ts:16:17)

  ÔùÅ gravatar.ts ÔÇ║ supports rating parameter

    expect(received).toContain(expected) // indexOf

    Expected substring: "r=pg"
    Received string:    "https://www.gravatar.com/avatar/55502f40dc8b7c769880b1
0874abc9d0?s=100&d=identicon"

    [0m [90m 35 |[39m     [36mconst[39m url [33m=[39m 
getGravatarUrl(email[33m,[39m [35m100[39m[33m,[39m 
[32m'identicon'[39m[33m,[39m [32m'pg'[39m)[33m;[39m
     [90m 36 |[39m     
    [31m[1m>[22m[39m[90m 37 |[39m     
expect(url)[33m.[39mtoContain([32m'r=pg'[39m)[33m;[39m
     [90m    |[39m                 [31m[1m^[22m[39m
     [90m 38 |[39m   })[33m;[39m
     [90m 39 |[39m
     [90m 40 |[39m   it([32m'returns HTTPS URL'[39m[33m,[39m () 
[33m=>[39m {[0m

      at Object.toContain (src/lib/__tests__/gravatar.test.ts:37:17)

FAIL src/lib/__tests__/urlUtils.test.ts
  ÔùÅ urlUtils ÔÇ║ sanitizeUrl ÔÇ║ accepts valid HTTP URLs

    TypeError: Cannot read properties of undefined (reading 'isValidUrl')

    [0m [90m  5 |[39m     it([32m'accepts valid HTTP URLs'[39m[33m,[39m 
() [33m=>[39m {
     [90m  6 |[39m       [36mconst[39m url [33m=[39m 
[32m'http://example.com'[39m[33m;[39m
    [31m[1m>[22m[39m[90m  7 |[39m       expect(urlUtils[33m.[39misValid
Url(url))[33m.[39mtoBe([36mtrue[39m)[33m;[39m
     [90m    |[39m                       [31m[1m^[22m[39m
     [90m  8 |[39m     })[33m;[39m
     [90m  9 |[39m
     [90m 10 |[39m     it([32m'accepts valid HTTPS URLs'[39m[33m,[39m () 
[33m=>[39m {[0m

      at Object.isValidUrl (src/lib/__tests__/urlUtils.test.ts:7:23)

  ÔùÅ urlUtils ÔÇ║ sanitizeUrl ÔÇ║ accepts valid HTTPS URLs

    TypeError: Cannot read properties of undefined (reading 'isValidUrl')

    [0m [90m 10 |[39m     it([32m'accepts valid HTTPS 
URLs'[39m[33m,[39m () [33m=>[39m {
     [90m 11 |[39m       [36mconst[39m url [33m=[39m 
[32m'https://example.com'[39m[33m;[39m
    [31m[1m>[22m[39m[90m 12 |[39m       expect(urlUtils[33m.[39misValid
Url(url))[33m.[39mtoBe([36mtrue[39m)[33m;[39m
     [90m    |[39m                       [31m[1m^[22m[39m
     [90m 13 |[39m     })[33m;[39m
     [90m 14 |[39m
     [90m 15 |[39m     it([32m'rejects invalid URLs'[39m[33m,[39m () 
[33m=>[39m {[0m

      at Object.isValidUrl (src/lib/__tests__/urlUtils.test.ts:12:23)

  ÔùÅ urlUtils ÔÇ║ sanitizeUrl ÔÇ║ rejects invalid URLs

    TypeError: Cannot read properties of undefined (reading 'isValidUrl')

    [0m [90m 15 |[39m     it([32m'rejects invalid URLs'[39m[33m,[39m () 
[33m=>[39m {
     [90m 16 |[39m       [36mconst[39m url [33m=[39m 
[32m'not-a-url'[39m[33m;[39m
    [31m[1m>[22m[39m[90m 17 |[39m       expect(urlUtils[33m.[39misValid
Url(url))[33m.[39mtoBe([36mfalse[39m)[33m;[39m
     [90m    |[39m                       [31m[1m^[22m[39m
     [90m 18 |[39m     })[33m;[39m
     [90m 19 |[39m
     [90m 20 |[39m     it([32m'rejects URLs with javascript 
protocol'[39m[33m,[39m () [33m=>[39m {[0m

      at Object.isValidUrl (src/lib/__tests__/urlUtils.test.ts:17:23)

  ÔùÅ urlUtils ÔÇ║ sanitizeUrl ÔÇ║ rejects URLs with javascript protocol

    TypeError: Cannot read properties of undefined (reading 'isValidUrl')

    [0m [90m 20 |[39m     it([32m'rejects URLs with javascript 
protocol'[39m[33m,[39m () [33m=>[39m {
     [90m 21 |[39m       [36mconst[39m url [33m=[39m 
[32m'javascript:alert("xss")'[39m[33m;[39m
    [31m[1m>[22m[39m[90m 22 |[39m       expect(urlUtils[33m.[39misValid
Url(url))[33m.[39mtoBe([36mfalse[39m)[33m;[39m
     [90m    |[39m                       [31m[1m^[22m[39m
     [90m 23 |[39m     })[33m;[39m
     [90m 24 |[39m
     [90m 25 |[39m     it([32m'rejects data URLs'[39m[33m,[39m () 
[33m=>[39m {[0m

      at Object.isValidUrl (src/lib/__tests__/urlUtils.test.ts:22:23)

  ÔùÅ urlUtils ÔÇ║ sanitizeUrl ÔÇ║ rejects data URLs

    TypeError: Cannot read properties of undefined (reading 'isValidUrl')

    [0m [90m 25 |[39m     it([32m'rejects data URLs'[39m[33m,[39m () 
[33m=>[39m {
     [90m 26 |[39m       [36mconst[39m url [33m=[39m 
[32m'data:text/html,<script>alert("xss")</script>'[39m[33m;[39m
    [31m[1m>[22m[39m[90m 27 |[39m       expect(urlUtils[33m.[39misValid
Url(url))[33m.[39mtoBe([36mfalse[39m)[33m;[39m
     [90m    |[39m                       [31m[1m^[22m[39m
     [90m 28 |[39m     })[33m;[39m
     [90m 29 |[39m   })[33m;[39m
     [90m 30 |[39m[0m

      at Object.isValidUrl (src/lib/__tests__/urlUtils.test.ts:27:23)

  ÔùÅ urlUtils ÔÇ║ getDomain ÔÇ║ extracts domain from URL

    TypeError: Cannot read properties of undefined (reading 'getDomain')

    [0m [90m 32 |[39m     it([32m'extracts domain from 
URL'[39m[33m,[39m () [33m=>[39m {
     [90m 33 |[39m       [36mconst[39m url [33m=[39m 
[32m'https://example.com/path'[39m[33m;[39m
    [31m[1m>[22m[39m[90m 34 |[39m       expect(urlUtils[33m.[39mgetDoma
in(url))[33m.[39mtoBe([32m'example.com'[39m)[33m;[39m
     [90m    |[39m                       [31m[1m^[22m[39m
     [90m 35 |[39m     })[33m;[39m
     [90m 36 |[39m
     [90m 37 |[39m     it([32m'extracts domain with 
subdomain'[39m[33m,[39m () [33m=>[39m {[0m

      at Object.getDomain (src/lib/__tests__/urlUtils.test.ts:34:23)

  ÔùÅ urlUtils ÔÇ║ getDomain ÔÇ║ extracts domain with subdomain

    TypeError: Cannot read properties of undefined (reading 'getDomain')

    [0m [90m 37 |[39m     it([32m'extracts domain with 
subdomain'[39m[33m,[39m () [33m=>[39m {
     [90m 38 |[39m       [36mconst[39m url [33m=[39m 
[32m'https://www.example.com'[39m[33m;[39m
    [31m[1m>[22m[39m[90m 39 |[39m       expect(urlUtils[33m.[39mgetDoma
in(url))[33m.[39mtoBe([32m'www.example.com'[39m)[33m;[39m
     [90m    |[39m                       [31m[1m^[22m[39m
     [90m 40 |[39m     })[33m;[39m
     [90m 41 |[39m
     [90m 42 |[39m     it([32m'returns null for invalid 
URL'[39m[33m,[39m () [33m=>[39m {[0m

      at Object.getDomain (src/lib/__tests__/urlUtils.test.ts:39:23)

  ÔùÅ urlUtils ÔÇ║ getDomain ÔÇ║ returns null for invalid URL

    TypeError: Cannot read properties of undefined (reading 'getDomain')

    [0m [90m 42 |[39m     it([32m'returns null for invalid 
URL'[39m[33m,[39m () [33m=>[39m {
     [90m 43 |[39m       [36mconst[39m url [33m=[39m 
[32m'not-a-url'[39m[33m;[39m
    [31m[1m>[22m[39m[90m 44 |[39m       
expect(urlUtils[33m.[39mgetDomain(url))[33m.[39mtoBeNull()[33m;[39m
     [90m    |[39m                       [31m[1m^[22m[39m
     [90m 45 |[39m     })[33m;[39m
     [90m 46 |[39m   })[33m;[39m
     [90m 47 |[39m[0m

      at Object.getDomain (src/lib/__tests__/urlUtils.test.ts:44:23)

  ÔùÅ urlUtils ÔÇ║ getPathname ÔÇ║ extracts pathname from URL

    TypeError: Cannot read properties of undefined (reading 'getPathname')

    [0m [90m 49 |[39m     it([32m'extracts pathname from 
URL'[39m[33m,[39m () [33m=>[39m {
     [90m 50 |[39m       [36mconst[39m url [33m=[39m 
[32m'https://example.com/path/to/page'[39m[33m;[39m
    [31m[1m>[22m[39m[90m 51 |[39m       expect(urlUtils[33m.[39mgetPath
name(url))[33m.[39mtoBe([32m'/path/to/page'[39m)[33m;[39m
     [90m    |[39m                       [31m[1m^[22m[39m
     [90m 52 |[39m     })[33m;[39m
     [90m 53 |[39m
     [90m 54 |[39m     it([32m'returns empty string for root 
path'[39m[33m,[39m () [33m=>[39m {[0m

      at Object.getPathname (src/lib/__tests__/urlUtils.test.ts:51:23)

  ÔùÅ urlUtils ÔÇ║ getPathname ÔÇ║ returns empty string for root path

    TypeError: Cannot read properties of undefined (reading 'getPathname')

    [0m [90m 54 |[39m     it([32m'returns empty string for root 
path'[39m[33m,[39m () [33m=>[39m {
     [90m 55 |[39m       [36mconst[39m url [33m=[39m 
[32m'https://example.com/'[39m[33m;[39m
    [31m[1m>[22m[39m[90m 56 |[39m       expect(urlUtils[33m.[39mgetPath
name(url))[33m.[39mtoBe([32m'/'[39m)[33m;[39m
     [90m    |[39m                       [31m[1m^[22m[39m
     [90m 57 |[39m     })[33m;[39m
     [90m 58 |[39m   })[33m;[39m
     [90m 59 |[39m })[33m;[39m[0m

      at Object.getPathname (src/lib/__tests__/urlUtils.test.ts:56:23)

FAIL src/components/atoms/WuButton/__tests__/WuButton.test.tsx
  ÔùÅ WuButton ÔÇ║ applies primary variant styles

    expect(element).toHaveClass("bg-blue-600")

    Expected the element to have class:
      bg-blue-600
    Received:
      button primary

    [0m [90m 24 |[39m     [36mconst[39m button [33m=[39m 
screen[33m.[39mgetByText([32m'Primary'[39m)[33m;[39m
     [90m 25 |[39m     
    [31m[1m>[22m[39m[90m 26 |[39m     
expect(button)[33m.[39mtoHaveClass([32m'bg-blue-600'[39m)[33m;[39m
     [90m    |[39m                    [31m[1m^[22m[39m
     [90m 27 |[39m   })[33m;[39m
     [90m 28 |[39m
     [90m 29 |[39m   it([32m'applies secondary variant 
styles'[39m[33m,[39m () [33m=>[39m {[0m

      at Object.toHaveClass 
(src/components/atoms/WuButton/__tests__/WuButton.test.tsx:26:20)

  ÔùÅ WuButton ÔÇ║ applies secondary variant styles

    expect(element).toHaveClass("bg-gray-200")

    Expected the element to have class:
      bg-gray-200
    Received:
      button secondary

    [0m [90m 31 |[39m     [36mconst[39m button [33m=[39m 
screen[33m.[39mgetByText([32m'Secondary'[39m)[33m;[39m
     [90m 32 |[39m     
    [31m[1m>[22m[39m[90m 33 |[39m     
expect(button)[33m.[39mtoHaveClass([32m'bg-gray-200'[39m)[33m;[39m
     [90m    |[39m                    [31m[1m^[22m[39m
     [90m 34 |[39m   })[33m;[39m
     [90m 35 |[39m
     [90m 36 |[39m   it([32m'handles disabled state'[39m[33m,[39m () 
[33m=>[39m {[0m

      at Object.toHaveClass 
(src/components/atoms/WuButton/__tests__/WuButton.test.tsx:33:20)

  ÔùÅ WuButton ÔÇ║ displays loading state

    TestingLibraryElementError: Unable to find an element with the text: 
Loading. This could be because the text is broken up by multiple elements. In 
this case, you can provide a function for your text matcher to make your 
matcher more flexible.

    Ignored nodes: comments, script, style
    [36m<body>[39m
      [36m<div>[39m
        [36m<button[39m
          [33maria-busy[39m=[32m"true"[39m
          [33mclass[39m=[32m"button primary"[39m
          [33mdisabled[39m=[32m""[39m
          [33mtype[39m=[32m"button"[39m
        [36m>[39m
          [0mLoading...[0m
        [36m</button>[39m
      [36m</div>[39m
    [36m</body>[39m

    [0m [90m 43 |[39m   it([32m'displays loading state'[39m[33m,[39m () 
[33m=>[39m {
     [90m 44 |[39m     render([33m<[39m[33mWuButton[39m isLoading[33m>[
39m[33mLoading[39m[33m<[39m[33m/[39m[33mWuButton[39m[33m>[39m)[33m;
[39m
    [31m[1m>[22m[39m[90m 45 |[39m     expect(screen[33m.[39mgetByText(
[32m'Loading'[39m))[33m.[39mtoBeInTheDocument()[33m;[39m
     [90m    |[39m                   [31m[1m^[22m[39m
     [90m 46 |[39m   })[33m;[39m
     [90m 47 |[39m
     [90m 48 |[39m   it([32m'handles fullWidth prop'[39m[33m,[39m () 
[33m=>[39m {[0m

      at Object.getElementError 
(node_modules/@testing-library/dom/dist/config.js:37:19)
      at node_modules/@testing-library/dom/dist/query-helpers.js:76:38
      at node_modules/@testing-library/dom/dist/query-helpers.js:52:17
      at node_modules/@testing-library/dom/dist/query-helpers.js:95:19
      at Object.getByText 
(src/components/atoms/WuButton/__tests__/WuButton.test.tsx:45:19)

  ÔùÅ WuButton ÔÇ║ handles fullWidth prop

    expect(element).toHaveClass("w-full")

    Expected the element to have class:
      w-full
    Received:
      button primary fullWidth

    [0m [90m 50 |[39m     [36mconst[39m button [33m=[39m 
screen[33m.[39mgetByText([32m'Full Width'[39m)[33m;[39m
     [90m 51 |[39m     
    [31m[1m>[22m[39m[90m 52 |[39m     
expect(button)[33m.[39mtoHaveClass([32m'w-full'[39m)[33m;[39m
     [90m    |[39m                    [31m[1m^[22m[39m
     [90m 53 |[39m   })[33m;[39m
     [90m 54 |[39m
     [90m 55 |[39m   it([32m'accepts custom className'[39m[33m,[39m () 
[33m=>[39m {[0m

      at Object.toHaveClass 
(src/components/atoms/WuButton/__tests__/WuButton.test.tsx:52:20)

FAIL src/components/atoms/WuAvatar/__tests__/WuAvatar.test.tsx
  ÔùÅ Console

    console.error
      React does not recognize the `bgColor` prop on a DOM element. If you 
intentionally want it to appear in the DOM as a custom attribute, spell it as 
lowercase `bgcolor` instead. If you accidentally passed it from a parent 
component, remove it from the DOM element.

    [0m [90m 54 |[39m       [36mreturn[39m[33m;[39m
     [90m 55 |[39m     }
    [31m[1m>[22m[39m[90m 56 |[39m     
originalError[33m.[39mcall(console[33m,[39m [33m...[39margs)[33m;[39m
     [90m    |[39m                   [31m[1m^[22m[39m
     [90m 57 |[39m   }[33m;[39m
     [90m 58 |[39m })[33m;[39m
     [90m 59 |[39m[0m

      at console.call [as error] (jest.setup.tsx:56:19)
      at validateProperty 
(node_modules/react-dom/cjs/react-dom-client.development.js:3001:19)
      at warnUnknownProperties 
(node_modules/react-dom/cjs/react-dom-client.development.js:3146:9)
      at validatePropertiesInDevelopment 
(node_modules/react-dom/cjs/react-dom-client.development.js:19868:9)
      at setInitialProperties 
(node_modules/react-dom/cjs/react-dom-client.development.js:20491:7)
      at completeWork 
(node_modules/react-dom/cjs/react-dom-client.development.js:12662:18)
      at runWithFiberInDEV 
(node_modules/react-dom/cjs/react-dom-client.development.js:874:13)
      at completeUnitOfWork 
(node_modules/react-dom/cjs/react-dom-client.development.js:17777:19)
      at performUnitOfWork 
(node_modules/react-dom/cjs/react-dom-client.development.js:17658:11)
      at workLoopSync 
(node_modules/react-dom/cjs/react-dom-client.development.js:17469:41)
      at renderRootSync 
(node_modules/react-dom/cjs/react-dom-client.development.js:17450:11)
      at performWorkOnRoot 
(node_modules/react-dom/cjs/react-dom-client.development.js:16504:11)
      at performWorkOnRootViaSchedulerTask 
(node_modules/react-dom/cjs/react-dom-client.development.js:18957:7)
      at flushActQueue (node_modules/react/cjs/react.development.js:590:34)
      at Object.<anonymous>.process.env.NODE_ENV.exports.act 
(node_modules/react/cjs/react.development.js:884:10)
      at node_modules/@testing-library/react/dist/act-compat.js:47:25
      at renderRoot (node_modules/@testing-library/react/dist/pure.js:180:26)
      at render (node_modules/@testing-library/react/dist/pure.js:271:10)
      at Object.<anonymous> 
(src/components/atoms/WuAvatar/__tests__/WuAvatar.test.tsx:31:11)

  ÔùÅ WuAvatar ÔÇ║ renders avatar with initials

    TestingLibraryElementError: Unable to find an element with the text: JD. 
This could be because the text is broken up by multiple elements. In this 
case, you can provide a function for your text matcher to make your matcher 
more flexible.

    Ignored nodes: comments, script, style
    [36m<body>[39m
      [36m<div>[39m
        [36m<div[39m
          [33mclass[39m=[32m"avatar avatar-md"[39m
          [33mname[39m=[32m"John Doe"[39m
        [36m>[39m
          [36m<div[39m
            [33mclass[39m=[32m"fallback"[39m
          [36m>[39m
            [0m?[0m
          [36m</div>[39m
        [36m</div>[39m
      [36m</div>[39m
    [36m</body>[39m

    [0m [90m  6 |[39m   it([32m'renders avatar with 
initials'[39m[33m,[39m () [33m=>[39m {
     [90m  7 |[39m     render([33m<[39m[33mWuAvatar[39m 
name[33m=[39m[32m"John Doe"[39m [33m/[39m[33m>[39m)[33m;[39m
    [31m[1m>[22m[39m[90m  8 |[39m     expect(screen[33m.[39mgetByText(
[32m'JD'[39m))[33m.[39mtoBeInTheDocument()[33m;[39m
     [90m    |[39m                   [31m[1m^[22m[39m
     [90m  9 |[39m   })[33m;[39m
     [90m 10 |[39m
     [90m 11 |[39m   it([32m'renders avatar with image'[39m[33m,[39m () 
[33m=>[39m {[0m

      at Object.getElementError 
(node_modules/@testing-library/dom/dist/config.js:37:19)
      at node_modules/@testing-library/dom/dist/query-helpers.js:76:38
      at node_modules/@testing-library/dom/dist/query-helpers.js:52:17
      at node_modules/@testing-library/dom/dist/query-helpers.js:95:19
      at Object.getByText 
(src/components/atoms/WuAvatar/__tests__/WuAvatar.test.tsx:8:19)

  ÔùÅ WuAvatar ÔÇ║ renders avatar with image

    TestingLibraryElementError: Unable to find an element with the alt text: 
John Doe

    Ignored nodes: comments, script, style
    [36m<body>[39m
      [36m<div>[39m
        [36m<div[39m
          [33mclass[39m=[32m"avatar avatar-md"[39m
          [33mname[39m=[32m"John Doe"[39m
        [36m>[39m
          [36m<img[39m
            [33malt[39m=[32m"Avatar"[39m
            [33mclass[39m=[32m"image"[39m
            [33msrc[39m=[32m"https://example.com/avatar.jpg"[39m
          [36m/>[39m
        [36m</div>[39m
      [36m</div>[39m
    [36m</body>[39m

    [0m [90m 17 |[39m     )[33m;[39m
     [90m 18 |[39m     
    [31m[1m>[22m[39m[90m 19 |[39m     [36mconst[39m img [33m=[39m 
screen[33m.[39mgetByAltText([32m'John Doe'[39m)[33m;[39m
     [90m    |[39m                        [31m[1m^[22m[39m
     [90m 20 |[39m     
expect(img)[33m.[39mtoHaveAttribute([32m'src'[39m[33m,[39m 
expect[33m.[39mstringContaining([32m'avatar.jpg'[39m))[33m;[39m
     [90m 21 |[39m   })[33m;[39m
     [90m 22 |[39m[0m

      at Object.getElementError 
(node_modules/@testing-library/dom/dist/config.js:37:19)
      at node_modules/@testing-library/dom/dist/query-helpers.js:76:38
      at node_modules/@testing-library/dom/dist/query-helpers.js:52:17
      at node_modules/@testing-library/dom/dist/query-helpers.js:95:19
      at Object.getByAltText 
(src/components/atoms/WuAvatar/__tests__/WuAvatar.test.tsx:19:24)

  ÔùÅ WuAvatar ÔÇ║ handles different sizes

    TestingLibraryElementError: Unable to find an element with the text: JD. 
This could be because the text is broken up by multiple elements. In this 
case, you can provide a function for your text matcher to make your matcher 
more flexible.

    Ignored nodes: comments, script, style
    [36m<body>[39m
      [36m<div>[39m
        [36m<div[39m
          [33mclass[39m=[32m"avatar avatar-lg"[39m
          [33mname[39m=[32m"JD"[39m
        [36m>[39m
          [36m<div[39m
            [33mclass[39m=[32m"fallback"[39m
          [36m>[39m
            [0m?[0m
          [36m</div>[39m
        [36m</div>[39m
      [36m</div>[39m
    [36m</body>[39m

    [0m [90m 23 |[39m   it([32m'handles different sizes'[39m[33m,[39m 
() [33m=>[39m {
     [90m 24 |[39m     render([33m<[39m[33mWuAvatar[39m 
name[33m=[39m[32m"JD"[39m size[33m=[39m[32m"lg"[39m 
[33m/[39m[33m>[39m)[33m;[39m
    [31m[1m>[22m[39m[90m 25 |[39m     [36mconst[39m avatar [33m=[39m 
screen[33m.[39mgetByText([32m'JD'[39m)[33m.[39mparentElement[33m;[39m
     [90m    |[39m                           [31m[1m^[22m[39m
     [90m 26 |[39m     
     [90m 27 |[39m     
expect(avatar)[33m.[39mtoHaveClass([32m'text-lg'[39m)[33m;[39m
     [90m 28 |[39m   })[33m;[39m[0m

      at Object.getElementError 
(node_modules/@testing-library/dom/dist/config.js:37:19)
      at node_modules/@testing-library/dom/dist/query-helpers.js:76:38
      at node_modules/@testing-library/dom/dist/query-helpers.js:52:17
      at node_modules/@testing-library/dom/dist/query-helpers.js:95:19
      at Object.getByText 
(src/components/atoms/WuAvatar/__tests__/WuAvatar.test.tsx:25:27)

  ÔùÅ WuAvatar ÔÇ║ applies custom background color

    TestingLibraryElementError: Unable to find an element with the text: JD. 
This could be because the text is broken up by multiple elements. In this 
case, you can provide a function for your text matcher to make your matcher 
more flexible.

    Ignored nodes: comments, script, style
    [36m<body>[39m
      [36m<div>[39m
        [36m<div[39m
          [33mbgcolor[39m=[32m"bg-red-500"[39m
          [33mclass[39m=[32m"avatar avatar-md"[39m
          [33mname[39m=[32m"JD"[39m
        [36m>[39m
          [36m<div[39m
            [33mclass[39m=[32m"fallback"[39m
          [36m>[39m
            [0m?[0m
          [36m</div>[39m
        [36m</div>[39m
      [36m</div>[39m
    [36m</body>[39m

    [0m [90m 30 |[39m   it([32m'applies custom background 
color'[39m[33m,[39m () [33m=>[39m {
     [90m 31 |[39m     render([33m<[39m[33mWuAvatar[39m 
name[33m=[39m[32m"JD"[39m bgColor[33m=[39m[32m"bg-red-500"[39m 
[33m/[39m[33m>[39m)[33m;[39m
    [31m[1m>[22m[39m[90m 32 |[39m     [36mconst[39m avatar [33m=[39m 
screen[33m.[39mgetByText([32m'JD'[39m)[33m.[39mparentElement[33m;[39m
     [90m    |[39m                           [31m[1m^[22m[39m
     [90m 33 |[39m     
     [90m 34 |[39m     
expect(avatar)[33m.[39mtoHaveClass([32m'bg-red-500'[39m)[33m;[39m
     [90m 35 |[39m   })[33m;[39m[0m

      at Object.getElementError 
(node_modules/@testing-library/dom/dist/config.js:37:19)
      at node_modules/@testing-library/dom/dist/query-helpers.js:76:38
      at node_modules/@testing-library/dom/dist/query-helpers.js:52:17
      at node_modules/@testing-library/dom/dist/query-helpers.js:95:19
      at Object.getByText 
(src/components/atoms/WuAvatar/__tests__/WuAvatar.test.tsx:32:27)

  ÔùÅ WuAvatar ÔÇ║ shows tooltip on hover

    TestingLibraryElementError: Unable to find an element with the text: JD. 
This could be because the text is broken up by multiple elements. In this 
case, you can provide a function for your text matcher to make your matcher 
more flexible.

    Ignored nodes: comments, script, style
    [36m<body>[39m
      [36m<div>[39m
        [36m<div[39m
          [33mclass[39m=[32m"avatar avatar-md"[39m
          [33mname[39m=[32m"John Doe"[39m
          [33mtooltip[39m=[32m"View profile"[39m
        [36m>[39m
          [36m<div[39m
            [33mclass[39m=[32m"fallback"[39m
          [36m>[39m
            [0m?[0m
          [36m</div>[39m
        [36m</div>[39m
      [36m</div>[39m
    [36m</body>[39m

    [0m [90m 37 |[39m   it([32m'shows tooltip on hover'[39m[33m,[39m () 
[33m=>[39m {
     [90m 38 |[39m     render([33m<[39m[33mWuAvatar[39m 
name[33m=[39m[32m"John Doe"[39m tooltip[33m=[39m[32m"View profile"[39m 
[33m/[39m[33m>[39m)[33m;[39m
    [31m[1m>[22m[39m[90m 39 |[39m     [36mconst[39m avatar [33m=[39m 
screen[33m.[39mgetByText([32m'JD'[39m)[33m;[39m
     [90m    |[39m                           [31m[1m^[22m[39m
     [90m 40 |[39m     
     [90m 41 |[39m     
expect(avatar)[33m.[39mtoHaveAttribute([32m'title'[39m[33m,[39m 
[32m'View profile'[39m)[33m;[39m
     [90m 42 |[39m   })[33m;[39m[0m

      at Object.getElementError 
(node_modules/@testing-library/dom/dist/config.js:37:19)
      at node_modules/@testing-library/dom/dist/query-helpers.js:76:38
      at node_modules/@testing-library/dom/dist/query-helpers.js:52:17
      at node_modules/@testing-library/dom/dist/query-helpers.js:95:19
      at Object.getByText 
(src/components/atoms/WuAvatar/__tests__/WuAvatar.test.tsx:39:27)

  ÔùÅ WuAvatar ÔÇ║ handles single letter names

    TestingLibraryElementError: Unable to find an element with the text: A. 
This could be because the text is broken up by multiple elements. In this 
case, you can provide a function for your text matcher to make your matcher 
more flexible.

    Ignored nodes: comments, script, style
    [36m<body>[39m
      [36m<div>[39m
        [36m<div[39m
          [33mclass[39m=[32m"avatar avatar-md"[39m
          [33mname[39m=[32m"A"[39m
        [36m>[39m
          [36m<div[39m
            [33mclass[39m=[32m"fallback"[39m
          [36m>[39m
            [0m?[0m
          [36m</div>[39m
        [36m</div>[39m
      [36m</div>[39m
    [36m</body>[39m

    [0m [90m 44 |[39m   it([32m'handles single letter 
names'[39m[33m,[39m () [33m=>[39m {
     [90m 45 |[39m     render([33m<[39m[33mWuAvatar[39m 
name[33m=[39m[32m"A"[39m [33m/[39m[33m>[39m)[33m;[39m
    [31m[1m>[22m[39m[90m 46 |[39m     expect(screen[33m.[39mgetByText(
[32m'A'[39m))[33m.[39mtoBeInTheDocument()[33m;[39m
     [90m    |[39m                   [31m[1m^[22m[39m
     [90m 47 |[39m   })[33m;[39m
     [90m 48 |[39m
     [90m 49 |[39m   it([32m'handles names with multiple 
words'[39m[33m,[39m () [33m=>[39m {[0m

      at Object.getElementError 
(node_modules/@testing-library/dom/dist/config.js:37:19)
      at node_modules/@testing-library/dom/dist/query-helpers.js:76:38
      at node_modules/@testing-library/dom/dist/query-helpers.js:52:17
      at node_modules/@testing-library/dom/dist/query-helpers.js:95:19
      at Object.getByText 
(src/components/atoms/WuAvatar/__tests__/WuAvatar.test.tsx:46:19)

  ÔùÅ WuAvatar ÔÇ║ handles names with multiple words

    TestingLibraryElementError: Unable to find an element with the text: JD. 
This could be because the text is broken up by multiple elements. In this 
case, you can provide a function for your text matcher to make your matcher 
more flexible.

    Ignored nodes: comments, script, style
    [36m<body>[39m
      [36m<div>[39m
        [36m<div[39m
          [33mclass[39m=[32m"avatar avatar-md"[39m
          [33mname[39m=[32m"John Michael Doe"[39m
        [36m>[39m
          [36m<div[39m
            [33mclass[39m=[32m"fallback"[39m
          [36m>[39m
            [0m?[0m
          [36m</div>[39m
        [36m</div>[39m
      [36m</div>[39m
    [36m</body>[39m

    [0m [90m 49 |[39m   it([32m'handles names with multiple 
words'[39m[33m,[39m () [33m=>[39m {
     [90m 50 |[39m     render([33m<[39m[33mWuAvatar[39m 
name[33m=[39m[32m"John Michael Doe"[39m [33m/[39m[33m>[39m)[33m;[39m
    [31m[1m>[22m[39m[90m 51 |[39m     expect(screen[33m.[39mgetByText(
[32m'JD'[39m))[33m.[39mtoBeInTheDocument()[33m;[39m
     [90m    |[39m                   [31m[1m^[22m[39m
     [90m 52 |[39m   })[33m;[39m
     [90m 53 |[39m })[33m;[39m
     [90m 54 |[39m[0m

      at Object.getElementError 
(node_modules/@testing-library/dom/dist/config.js:37:19)
      at node_modules/@testing-library/dom/dist/query-helpers.js:76:38
      at node_modules/@testing-library/dom/dist/query-helpers.js:52:17
      at node_modules/@testing-library/dom/dist/query-helpers.js:95:19
      at Object.getByText 
(src/components/atoms/WuAvatar/__tests__/WuAvatar.test.tsx:51:19)

FAIL src/components/atoms/WuAuthButton/__tests__/WuAuthButton.test.tsx
  ÔùÅ WuAuthButton ÔÇ║ applies correct styling

    expect(element).toHaveClass("bg-blue-600")

    Expected the element to have class:
      bg-blue-600
    Received:
      button primary

    [0m [90m 49 |[39m     [36mconst[39m button [33m=[39m 
screen[33m.[39mgetByRole([32m'button'[39m)[33m;[39m
     [90m 50 |[39m     
    [31m[1m>[22m[39m[90m 51 |[39m     
expect(button)[33m.[39mtoHaveClass([32m'bg-blue-600'[39m)[33m;[39m
     [90m    |[39m                    [31m[1m^[22m[39m
     [90m 52 |[39m   })[33m;[39m
     [90m 53 |[39m
     [90m 54 |[39m   it([32m'handles disabled state'[39m[33m,[39m () 
[33m=>[39m {[0m

      at Object.toHaveClass 
(src/components/atoms/WuAuthButton/__tests__/WuAuthButton.test.tsx:51:20)

  ÔùÅ WuAuthButton ÔÇ║ handles disabled state

    expect(element).toBeDisabled()

    Received element is not disabled:
      <button aria-busy="false" class="button primary" type="button" />

    [0m [90m 54 |[39m   it([32m'handles disabled state'[39m[33m,[39m () 
[33m=>[39m {
     [90m 55 |[39m     render([33m<[39m[33mWuAuthButton[39m disabled 
[33m/[39m[33m>[39m)[33m;[39m
    [31m[1m>[22m[39m[90m 56 |[39m     expect(screen[33m.[39mgetByRole(
[32m'button'[39m))[33m.[39mtoBeDisabled()[33m;[39m
     [90m    |[39m                                        
[31m[1m^[22m[39m
     [90m 57 |[39m   })[33m;[39m
     [90m 58 |[39m })[33m;[39m
     [90m 59 |[39m[0m

      at Object.toBeDisabled 
(src/components/atoms/WuAuthButton/__tests__/WuAuthButton.test.tsx:56:40)

PASS src/app/__tests__/integration.test.ts
PASS src/lib/__tests__/auth.test.ts
PASS src/lib/__tests__/i18n.test.tsx
PASS src/lib/__tests__/performance.test.tsx
PASS src/lib/__tests__/accessibility.test.tsx
FAIL src/app/api/user/profile/__tests__/route.test.ts
  ÔùÅ Test suite failed to run

    ReferenceError: Request is not defined

    [0m [90m  8 |[39m
     [90m  9 |[39m describe([32m'GET /api/user/profile'[39m[33m,[39m () 
[33m=>[39m {
    [31m[1m>[22m[39m[90m 10 |[39m   it([32m'returns user profile when 
authenticated'[39m[33m,[39m [36masync[39m () [33m=>[39m {
     [90m    |[39m                 [31m[1m^[22m[39m
     [90m 11 |[39m     [36mconst[39m mockRequest [33m=[39m [36mnew[39m 
[33mNextRequest[39m(
     [90m 12 |[39m       [36mnew[39m 
[33mURL[39m([32m'http://localhost:3000/api/user/profile'[39m)[33m,[39m
     [90m 13 |[39m       {[0m

      at Object.Request 
(node_modules/next/src/server/web/spec-extension/request.ts:14:34)
      at Object.<anonymous> (node_modules/next/server.js:2:16)
      at Object.<anonymous> 
(src/app/api/user/profile/__tests__/route.test.ts:10:17)

FAIL src/app/api/user/email/__tests__/route.test.ts
  ÔùÅ Test suite failed to run

    ReferenceError: Request is not defined

    [0m [90m 3 |[39m describe([32m'GET /api/user/email'[39m[33m,[39m () 
[33m=>[39m {
     [90m 4 |[39m   it([32m'returns user email when 
authenticated'[39m[33m,[39m [36masync[39m () [33m=>[39m {
    [31m[1m>[22m[39m[90m 5 |[39m     [36mconst[39m mockRequest 
[33m=[39m [36mnew[39m [33mNextRequest[39m(
     [90m   |[39m                 [31m[1m^[22m[39m
     [90m 6 |[39m       [36mnew[39m 
[33mURL[39m([32m'http://localhost:3000/api/user/email'[39m)[33m,[39m
     [90m 7 |[39m       {
     [90m 8 |[39m         method[33m:[39m [32m'GET'[39m[33m,[39m[0m

      at Object.Request 
(node_modules/next/src/server/web/spec-extension/request.ts:14:34)
      at Object.<anonymous> (node_modules/next/server.js:2:16)
      at Object.<anonymous> 
(src/app/api/user/email/__tests__/route.test.ts:5:17)

FAIL src/lib/__tests__/productParser.test.tsx
  ÔùÅ Test suite failed to run

    Jest encountered an unexpected token

    Jest failed to parse a file. This happens e.g. when your code or its 
dependencies use non-standard JavaScript syntax, or when Jest is not 
configured to support such syntax.

    Out of the box Jest supports Babel, which will be used to transform your 
files into valid JS based on your Babel configuration.

    By default "node_modules" folder is ignored by transformers.

    Here's what you can do:
     ÔÇó If you are trying to use ECMAScript Modules, see 
https://jestjs.io/docs/ecmascript-modules for how to enable it.
     ÔÇó If you are trying to use TypeScript, see 
https://jestjs.io/docs/getting-started#using-typescript
     ÔÇó To have some of your "node_modules" files transformed, you can 
specify a custom "transformIgnorePatterns" in your config.
     ÔÇó If you need a custom transformation specify a "transform" option in 
your config.
     ÔÇó If you simply want to mock your non-JS modules (e.g. binary assets) 
you can stub them out with the "moduleNameMapper" config option.

    You'll find more details and examples of these config options in the docs:
    https://jestjs.io/docs/configuration
    For information about custom transformations, see:
    https://jestjs.io/docs/code-transformation

    Details:

    
C:\Users\sebas\source\repos\wunero\node_modules\cheerio\dist\browser\index.js:1
    ({"Object.<anonymous>":function(module,exports,require,__dirname,__filename
,jest){export { contains, merge } from './static.js';
                                                                               
       ^^^^^^

    SyntaxError: Unexpected token 'export'

    [0m [90m 20 |[39m   [36mconst[39m normalized [33m=[39m 
priceText[33m.[39mtrim()[33m.[39mreplace([35m/\s+/g[39m[33m,[39m 
[32m' '[39m)[33m;[39m
     [90m 21 |[39m   
    [31m[1m>[22m[39m[90m 22 |[39m   [90m// Detect currency symbol[39m
     [90m    |[39m                                      [31m[1m^[22m[39m
     [90m 23 |[39m   [36mlet[39m currency[33m:[39m [33mCurrency[39m 
[33m|[39m undefined[33m;[39m
     [90m 24 |[39m   [36mif[39m 
(normalized[33m.[39mincludes([32m'Ôé¼'[39m) [33m||[39m 
normalized[33m.[39mincludes([32m'EUR'[39m)) {
     [90m 25 |[39m     currency [33m=[39m [32m'EUR'[39m[33m;[39m[0m

      at Runtime.createScriptFromCode 
(node_modules/jest-runtime/build/index.js:1505:14)
      at Object.<anonymous> (src/lib/productParser.ts:22:58)
      at Object.<anonymous> (src/lib/__tests__/productParser.test.tsx:5:24)

FAIL src/components/organisms/WuWishlistForm/__tests__/WuWishlistForm.test.tsx 
(7.891 s)
  ÔùÅ Console

    console.error
      React does not recognize the `initialData` prop on a DOM element. If you 
intentionally want it to appear in the DOM as a custom attribute, spell it as 
lowercase `initialdata` instead. If you accidentally passed it from a parent 
component, remove it from the DOM element.

    [0m [90m 54 |[39m       [36mreturn[39m[33m;[39m
     [90m 55 |[39m     }
    [31m[1m>[22m[39m[90m 56 |[39m     
originalError[33m.[39mcall(console[33m,[39m [33m...[39margs)[33m;[39m
     [90m    |[39m                   [31m[1m^[22m[39m
     [90m 57 |[39m   }[33m;[39m
     [90m 58 |[39m })[33m;[39m
     [90m 59 |[39m[0m

      at console.call [as error] (jest.setup.tsx:56:19)
      at validateProperty 
(node_modules/react-dom/cjs/react-dom-client.development.js:3001:19)
      at warnUnknownProperties 
(node_modules/react-dom/cjs/react-dom-client.development.js:3146:9)
      at validatePropertiesInDevelopment 
(node_modules/react-dom/cjs/react-dom-client.development.js:19868:9)
      at setInitialProperties 
(node_modules/react-dom/cjs/react-dom-client.development.js:20491:7)
      at completeWork 
(node_modules/react-dom/cjs/react-dom-client.development.js:12662:18)
      at runWithFiberInDEV 
(node_modules/react-dom/cjs/react-dom-client.development.js:874:13)
      at completeUnitOfWork 
(node_modules/react-dom/cjs/react-dom-client.development.js:17777:19)
      at performUnitOfWork 
(node_modules/react-dom/cjs/react-dom-client.development.js:17658:11)
      at workLoopSync 
(node_modules/react-dom/cjs/react-dom-client.development.js:17469:41)
      at renderRootSync 
(node_modules/react-dom/cjs/react-dom-client.development.js:17450:11)
      at performWorkOnRoot 
(node_modules/react-dom/cjs/react-dom-client.development.js:16504:11)
      at performWorkOnRootViaSchedulerTask 
(node_modules/react-dom/cjs/react-dom-client.development.js:18957:7)
      at flushActQueue (node_modules/react/cjs/react.development.js:590:34)
      at Object.<anonymous>.process.env.NODE_ENV.exports.act 
(node_modules/react/cjs/react.development.js:884:10)
      at node_modules/@testing-library/react/dist/act-compat.js:47:25
      at renderRoot (node_modules/@testing-library/react/dist/pure.js:180:26)
      at render (node_modules/@testing-library/react/dist/pure.js:271:10)
      at Object.<anonymous> (src/components/organisms/WuWishlistForm/__tests__/
WuWishlistForm.test.tsx:102:11)

  ÔùÅ WuWishlistForm ÔÇ║ validates required fields

    TestingLibraryElementError: Unable to find an element with the text: 
/required|erforderlich/i. This could be because the text is broken up by 
multiple elements. In this case, you can provide a function for your text 
matcher to make your matcher more flexible.

    Ignored nodes: comments, script, style
    [36m<body>[39m
      [36m<div>[39m
        [36m<div[39m
          [33mclass[39m=[32m"card"[39m
        [36m>[39m
          [36m<h2[39m
            [33mclass[39m=[32m"title"[39m
          [36m>[39m
            [0mCreate New Wishlist[0m
          [36m</h2>[39m
          [36m<form>[39m
            [36m<div[39m
              [33mclass[39m=[32m"field"[39m
            [36m>[39m
              [36m<label[39m
                [33mclass[39m=[32m"label"[39m
                [33mfor[39m=[32m"title"[39m
              [36m>[39m
                [0mTitle *[0m
              [36m</label>[39m
              [36m<input[39m
                [33mclass[39m=[32m"wu-input fullWidth"[39m
                [33mid[39m=[32m"title"[39m
                [33mrequired[39m=[32m""[39m
                [33mtype[39m=[32m"text"[39m
                [33mvalue[39m=[32m""[39m
              [36m/>[39m
            [36m</div>[39m
            [36m<div[39m
              [33mclass[39m=[32m"field"[39m
            [36m>[39m
              [36m<label[39m
                [33mclass[39m=[32m"label"[39m
                [33mfor[39m=[32m"description"[39m
              [36m>[39m
                [0mDescription[0m
              [36m</label>[39m
              [36m<textarea[39m
                [33mclass[39m=[32m"wu-textarea fullWidth"[39m
                [33mid[39m=[32m"description"[39m
                [33mrows[39m=[32m"3"[39m
              [36m/>[39m
            [36m</div>[39m
            [36m<div[39m
              [33mclass[39m=[32m"checkboxField"[39m
            [36m>[39m
              [36m<label[39m
                [33mclass[39m=[32m"wrapper"[39m
                [33mfor[39m=[32m"is-private"[39m
              [36m>[39m
                [36m<input[39m
                  [33mclass[39m=[32m"input"[39m
                  [33mid[39m=[32m"is-private"[39m
                  [33mtype[39m=[32m"checkbox"[39m
                [36m/>[39m
                [36m<span[39m
                  [33maria-hidden[39m=[32m"true"[39m
                  [33mclass[39m=[32m"box"[39m
                [36m>[39m
                  [36m<svg[39m
                    [33maria-hidden[39m=[32m"true"[39m
                    [33mclass[39m=[32m"lucide lucide-check checkIcon"[39m
                    [33mfill[39m=[32m"none"[39m
                    [33mheight[39m=[32m"24"[39m
                    [33mstroke[39m=[32m"currentColor"[39m
                    [33mstroke-linecap[39m=[32m"round"[39m
                    [33mstroke-linejoin[39m=[32m"round"[39m
                    [33mstroke-width[39m=[32m"3"[39m
                    [33mviewBox[39m=[32m"0 0 24 24"[39m
                    [33mwidth[39m=[32m"24"[39m
                    [33mxmlns[39m=[32m"http://www.w3.org/2000/svg"[39m
                  [36m>[39m
                    [36m<path[39m
                      [33md[39m=[32m"M20 6 9 17l-5-5"[39m
                    [36m/>[39m
                  [36m</svg>[39m
                [36m</span>[39m
                [36m<span[39m
                  [33mclass[39m=[32m"texts"[39m
                [36m>[39m
                  [36m<span[39m
                    [33mclass[39m=[32m"label"[39m
                  [36m>[39m
                    [0mPrivate - Only you can see this wishlist[0m
                  [36m</span>[39m
                [36m</span>[39m
              [36m</label>[39m
            [36m</div>[39m
            [36m<div[39m
              [33mclass[39m=[32m"actions"[39m
            [36m>[39m
              [36m<button[39m
                [33maria-busy[39m=[32m"false"[39m
                [33mclass[39m=[32m"button primary"[39m
                [33mtype[39m=[32m"submit"[39m
              [36m>[39m
                [0mCreate Wishlist[0m
              [36m</button>[39m
            [36m</div>[39m
          [36m</form>[39m
        [36m</div>[39m
      [36m</div>[39m
    [36m</body>[39m

    [0m [90m 55 |[39m     [36mawait[39m 
userEvent[33m.[39mclick(submitButton)[33m;[39m
     [90m 56 |[39m     
    [31m[1m>[22m[39m[90m 57 |[39m     expect(screen[33m.[39mgetByText(
[35m/required|erforderlich/i[39m))[33m.[39mtoBeInTheDocument()[33m;[39m
     [90m    |[39m                   [31m[1m^[22m[39m
     [90m 58 |[39m   })[33m;[39m
     [90m 59 |[39m
     [90m 60 |[39m   it([32m'shows error message on submission 
failure'[39m[33m,[39m [36masync[39m () [33m=>[39m {[0m

      at Object.getElementError 
(node_modules/@testing-library/dom/dist/config.js:37:19)
      at node_modules/@testing-library/dom/dist/query-helpers.js:76:38
      at node_modules/@testing-library/dom/dist/query-helpers.js:52:17
      at node_modules/@testing-library/dom/dist/query-helpers.js:95:19
      at Object.getByText (src/components/organisms/WuWishlistForm/__tests__/Wu
WishlistForm.test.tsx:57:19)

  ÔùÅ WuWishlistForm ÔÇ║ shows error message on submission failure

    API error

    [0m [90m 59 |[39m
     [90m 60 |[39m   it([32m'shows error message on submission 
failure'[39m[33m,[39m [36masync[39m () [33m=>[39m {
    [31m[1m>[22m[39m[90m 61 |[39m     
mockOnSubmit[33m.[39mmockRejectedValue([36mnew[39m 
[33mError[39m([32m'API error'[39m))[33m;[39m
     [90m    |[39m                                    [31m[1m^[22m[39m
     [90m 62 |[39m     
     [90m 63 |[39m     render(
     [90m 64 |[39m       [33m<[39m[33mWuWishlistForm[39m 
onSubmit[33m=[39m{mockOnSubmit} [33m/[39m[33m>[39m[0m

      at Object.<anonymous> (src/components/organisms/WuWishlistForm/__tests__/
WuWishlistForm.test.tsx:61:36)

  ÔùÅ WuWishlistForm ÔÇ║ shows error message on submission failure

    Unable to find an element with the text: /error|failed/i. This could be 
because the text is broken up by multiple elements. In this case, you can 
provide a function for your text matcher to make your matcher more flexible.

    Ignored nodes: comments, script, style
    [36m<body>[39m
      [36m<div>[39m
        [36m<div[39m
          [33mclass[39m=[32m"card"[39m
        [36m>[39m
          [36m<h2[39m
            [33mclass[39m=[32m"title"[39m
          [36m>[39m
            [0mCreate New Wishlist[0m
          [36m</h2>[39m
          [36m<form>[39m
            [36m<div[39m
              [33mclass[39m=[32m"field"[39m
            [36m>[39m
              [36m<label[39m
                [33mclass[39m=[32m"label"[39m
                [33mfor[39m=[32m"title"[39m
              [36m>[39m
                [0mTitle *[0m
              [36m</label>[39m
              [36m<input[39m
                [33mclass[39m=[32m"wu-input fullWidth"[39m
                [33mid[39m=[32m"title"[39m
                [33mrequired[39m=[32m""[39m
                [33mtype[39m=[32m"text"[39m
                [33mvalue[39m=[32m"My Wishlist"[39m
              [36m/>[39m
            [36m</div>[39m
            [36m<div[39m
              [33mclass[39m=[32m"field"[39m
            [36m>[39m
              [36m<label[39m
                [33mclass[39m=[32m"label"[39m
                [33mfor[39m=[32m"description"[39m
              [36m>[39m
                [0mDescription[0m
              [36m</label>[39m
              [36m<textarea[39m
                [33mclass[39m=[32m"wu-textarea fullWidth"[39m
                [33mid[39m=[32m"description"[39m
                [33mrows[39m=[32m"3"[39m
              [36m/>[39m
            [36m</div>[39m
            [36m<div[39m
              [33mclass[39m=[32m"checkboxField"[39m
            [36m>[39m
              [36m<label[39m
                [33mclass[39m=[32m"wrapper"[39m
                [33mfor[39m=[32m"is-private"[39m
              [36m>[39m
                [36m<input[39m
                  [33mclass[39m=[32m"input"[39m
                  [33mid[39m=[32m"is-private"[39m
                  [33mtype[39m=[32m"checkbox"[39m
                [36m/>[39m
                [36m<span[39m
                  [33maria-hidden[39m=[32m"true"[39m
                  [33mclass[39m=[32m"box"[39m
                [36m>[39m
                  [36m<svg[39m
                    [33maria-hidden[39m=[32m"true"[39m
                    [33mclass[39m=[32m"lucide lucide-check checkIcon"[39m
                    [33mfill[39m=[32m"none"[39m
                    [33mheight[39m=[32m"24"[39m
                    [33mstroke[39m=[32m"currentColor"[39m
                    [33mstroke-linecap[39m=[32m"round"[39m
                    [33mstroke-linejoin[39m=[32m"round"[39m
                    [33mstroke-width[39m=[32m"3"[39m
                    [33mviewBox[39m=[32m"0 0 24 24"[39m
                    [33mwidth[39m=[32m"24"[39m
                    [33mxmlns[39m=[32m"http://www.w3.org/2000/svg"[39m
                  [36m>[39m
                    [36m<path[39m
                      [33md[39m=[32m"M20 6 9 17l-5-5"[39m
                    [36m/>[39m
                  [36m</svg>[39m
                [36m</span>[39m
                [36m<span[39m
                  [33mclass[39m=[32m"texts"[39m
                [36m>[39m
                  [36m<span[39m
                    [33mclass[39m=[32m"label"[39m
                  [36m>[39m
                    [0mPrivate - Only you can see this wishlist[0m
                  [36m</span>[39m
                [36m</span>[39m
              [36m</label>[39m
            [36m</div>[39m
            [36m<div[39m
              [33mclass[39m=[32m"actions"[39m
            [36m>[39m
              [36m<button[39m
                [33maria-busy[39m=[32m"false"[39m
                [33mclass[39m=[32m"button primary"[39m
                [33mtype[39m=[32m"submit"[39m
              [36m>[39m
                [0mCreate Wishlist[0m
              [36m</button>[39m
            [36m</div>[39m
          [36m</form>[39m
        [36m</div>[39m
      [36m</div>[39m
    [36m</body>[39m

    [0m [90m 71 |[39m     [36mawait[39m 
userEvent[33m.[39mclick(submitButton)[33m;[39m
     [90m 72 |[39m     
    [31m[1m>[22m[39m[90m 73 |[39m     [36mawait[39m waitFor(() 
[33m=>[39m {
     [90m    |[39m                  [31m[1m^[22m[39m
     [90m 74 |[39m       expect(screen[33m.[39mgetByText([35m/error|failed
/i[39m))[33m.[39mtoBeInTheDocument()[33m;[39m
     [90m 75 |[39m     })[33m;[39m
     [90m 76 |[39m   })[33m;[39m[0m

      at waitForWrapper 
(node_modules/@testing-library/dom/dist/wait-for.js:163:27)
      at Object.<anonymous> (src/components/organisms/WuWishlistForm/__tests__/
WuWishlistForm.test.tsx:73:18)

  ÔùÅ WuWishlistForm ÔÇ║ pre-fills form when editing

    TestingLibraryElementError: Unable to find an element with the display 
value: Existing Wishlist.

    Ignored nodes: comments, script, style
    [36m<body>[39m
      [36m<div>[39m
        [36m<div[39m
          [33mclass[39m=[32m"card"[39m
          [33minitialdata[39m=[32m"[object Object]"[39m
        [36m>[39m
          [36m<h2[39m
            [33mclass[39m=[32m"title"[39m
          [36m>[39m
            [0mCreate New Wishlist[0m
          [36m</h2>[39m
          [36m<form>[39m
            [36m<div[39m
              [33mclass[39m=[32m"field"[39m
            [36m>[39m
              [36m<label[39m
                [33mclass[39m=[32m"label"[39m
                [33mfor[39m=[32m"title"[39m
              [36m>[39m
                [0mTitle *[0m
              [36m</label>[39m
              [36m<input[39m
                [33mclass[39m=[32m"wu-input fullWidth"[39m
                [33mid[39m=[32m"title"[39m
                [33mrequired[39m=[32m""[39m
                [33mtype[39m=[32m"text"[39m
                [33mvalue[39m=[32m""[39m
              [36m/>[39m
            [36m</div>[39m
            [36m<div[39m
              [33mclass[39m=[32m"field"[39m
            [36m>[39m
              [36m<label[39m
                [33mclass[39m=[32m"label"[39m
                [33mfor[39m=[32m"description"[39m
              [36m>[39m
                [0mDescription[0m
              [36m</label>[39m
              [36m<textarea[39m
                [33mclass[39m=[32m"wu-textarea fullWidth"[39m
                [33mid[39m=[32m"description"[39m
                [33mrows[39m=[32m"3"[39m
              [36m/>[39m
            [36m</div>[39m
            [36m<div[39m
              [33mclass[39m=[32m"checkboxField"[39m
            [36m>[39m
              [36m<label[39m
                [33mclass[39m=[32m"wrapper"[39m
                [33mfor[39m=[32m"is-private"[39m
              [36m>[39m
                [36m<input[39m
                  [33mclass[39m=[32m"input"[39m
                  [33mid[39m=[32m"is-private"[39m
                  [33mtype[39m=[32m"checkbox"[39m
                [36m/>[39m
                [36m<span[39m
                  [33maria-hidden[39m=[32m"true"[39m
                  [33mclass[39m=[32m"box"[39m
                [36m>[39m
                  [36m<svg[39m
                    [33maria-hidden[39m=[32m"true"[39m
                    [33mclass[39m=[32m"lucide lucide-check checkIcon"[39m
                    [33mfill[39m=[32m"none"[39m
                    [33mheight[39m=[32m"24"[39m
                    [33mstroke[39m=[32m"currentColor"[39m
                    [33mstroke-linecap[39m=[32m"round"[39m
                    [33mstroke-linejoin[39m=[32m"round"[39m
                    [33mstroke-width[39m=[32m"3"[39m
                    [33mviewBox[39m=[32m"0 0 24 24"[39m
                    [33mwidth[39m=[32m"24"[39m
                    [33mxmlns[39m=[32m"http://www.w3.org/2000/svg"[39m
                  [36m>[39m
                    [36m<path[39m
                      [33md[39m=[32m"M20 6 9 17l-5-5"[39m
                    [36m/>[39m
                  [36m</svg>[39m
                [36m</span>[39m
                [36m<span[39m
                  [33mclass[39m=[32m"texts"[39m
                [36m>[39m
                  [36m<span[39m
                    [33mclass[39m=[32m"label"[39m
                  [36m>[39m
                    [0mPrivate - Only you can see this wishlist[0m
                  [36m</span>[39m
                [36m</span>[39m
              [36m</label>[39m
            [36m</div>[39m
            [36m<div[39m
              [33mclass[39m=[32m"actions"[39m
            [36m>[39m
              [36m<button[39m
                [33maria-busy[39m=[32m"false"[39m
                [33mclass[39m=[32m"button primary"[39m
                [33mtype[39m=[32m"submit"[39m
              [36m>[39m
                [0mCreate Wishlist[0m
              [36m</button>[39m
            [36m</div>[39m
          [36m</form>[39m
        [36m</div>[39m
      [36m</div>[39m
    [36m</body>[39m

    [0m [90m 107 |[39m     )[33m;[39m
     [90m 108 |[39m     
    [31m[1m>[22m[39m[90m 109 |[39m     
expect(screen[33m.[39mgetByDisplayValue([32m'Existing 
Wishlist'[39m))[33m.[39mtoBeInTheDocument()[33m;[39m
     [90m     |[39m                   [31m[1m^[22m[39m
     [90m 110 |[39m     
expect(screen[33m.[39mgetByDisplayValue([32m'Already 
exists'[39m))[33m.[39mtoBeInTheDocument()[33m;[39m
     [90m 111 |[39m   })[33m;[39m
     [90m 112 |[39m[0m

      at Object.getElementError 
(node_modules/@testing-library/dom/dist/config.js:37:19)
      at node_modules/@testing-library/dom/dist/query-helpers.js:76:38
      at node_modules/@testing-library/dom/dist/query-helpers.js:52:17
      at node_modules/@testing-library/dom/dist/query-helpers.js:95:19
      at Object.getByDisplayValue (src/components/organisms/WuWishlistForm/__te
sts__/WuWishlistForm.test.tsx:109:19)

Test Suites: 15 failed, 5 passed, 20 total
Tests:       58 failed, 88 passed, 146 total
Snapshots:   0 total
Time:        14.422 s
Ran all test suites.
